[rank: 0] Seed set to 0
/orcd/home/002/pablomer/miniforge3/envs/torchenv/lib/python3.11/site-packages/lightning_fabric/plugins/environments/slurm.py:204: The `srun` command is available on your system but is not used. HINT: If your intention is to run Lightning on SLURM, prepend your python command with `srun` like so: srun python predict_combined.py --embeddings outputs/embeddings/ ...
/orcd/home/002/pablomer/miniforge3/envs/torchenv/lib/python3.11/site-packages/torch/cuda/__init__.py:734: UserWarning: Can't initialize NVML
  warnings.warn("Can't initialize NVML")
GPU available: False, used: False
TPU available: False, using: 0 TPU cores
💡 Tip: For seamless cloud logging and experiment tracking, try installing [litlogger](https://pypi.org/project/litlogger/) to enable LitLogger, which logs metrics and artifacts automatically to the Lightning Experiments platform.
/orcd/home/002/pablomer/miniforge3/envs/torchenv/lib/python3.11/site-packages/pytorch_lightning/callbacks/model_checkpoint.py:881: Checkpoint directory /orcd/pool/007/pablomer/tess-generative/galaxy_images/galaxy_model/downstream_evaluation/engaging/checkpoints exists and is not empty.
/orcd/home/002/pablomer/miniforge3/envs/torchenv/lib/python3.11/site-packages/pytorch_lightning/trainer/connectors/data_connector.py:434: The 'val_dataloader' does not have many workers which may be a bottleneck. Consider increasing the value of the `num_workers` argument` to `num_workers=15` in the `DataLoader` to improve performance.
/orcd/home/002/pablomer/miniforge3/envs/torchenv/lib/python3.11/site-packages/pytorch_lightning/trainer/connectors/data_connector.py:434: The 'train_dataloader' does not have many workers which may be a bottleneck. Consider increasing the value of the `num_workers` argument` to `num_workers=15` in the `DataLoader` to improve performance.
[rank: 0] Seed set to 0
/orcd/home/002/pablomer/miniforge3/envs/torchenv/lib/python3.11/site-packages/lightning_fabric/plugins/environments/slurm.py:204: The `srun` command is available on your system but is not used. HINT: If your intention is to run Lightning on SLURM, prepend your python command with `srun` like so: srun python predict_combined.py --embeddings outputs/embeddings/ ...
/orcd/home/002/pablomer/miniforge3/envs/torchenv/lib/python3.11/site-packages/torch/cuda/__init__.py:734: UserWarning: Can't initialize NVML
  warnings.warn("Can't initialize NVML")
GPU available: False, used: False
TPU available: False, using: 0 TPU cores
💡 Tip: For seamless cloud logging and experiment tracking, try installing [litlogger](https://pypi.org/project/litlogger/) to enable LitLogger, which logs metrics and artifacts automatically to the Lightning Experiments platform.
/orcd/home/002/pablomer/miniforge3/envs/torchenv/lib/python3.11/site-packages/pytorch_lightning/callbacks/model_checkpoint.py:881: Checkpoint directory /orcd/pool/007/pablomer/tess-generative/galaxy_images/galaxy_model/downstream_evaluation/engaging/checkpoints exists and is not empty.
/orcd/home/002/pablomer/miniforge3/envs/torchenv/lib/python3.11/site-packages/pytorch_lightning/trainer/connectors/data_connector.py:434: The 'val_dataloader' does not have many workers which may be a bottleneck. Consider increasing the value of the `num_workers` argument` to `num_workers=15` in the `DataLoader` to improve performance.
/orcd/home/002/pablomer/miniforge3/envs/torchenv/lib/python3.11/site-packages/pytorch_lightning/trainer/connectors/data_connector.py:434: The 'train_dataloader' does not have many workers which may be a bottleneck. Consider increasing the value of the `num_workers` argument` to `num_workers=15` in the `DataLoader` to improve performance.
[rank: 0] Seed set to 0
/orcd/home/002/pablomer/miniforge3/envs/torchenv/lib/python3.11/site-packages/lightning_fabric/plugins/environments/slurm.py:204: The `srun` command is available on your system but is not used. HINT: If your intention is to run Lightning on SLURM, prepend your python command with `srun` like so: srun python predict_combined.py --embeddings outputs/embeddings/ ...
/orcd/home/002/pablomer/miniforge3/envs/torchenv/lib/python3.11/site-packages/torch/cuda/__init__.py:734: UserWarning: Can't initialize NVML
  warnings.warn("Can't initialize NVML")
GPU available: False, used: False
TPU available: False, using: 0 TPU cores
💡 Tip: For seamless cloud logging and experiment tracking, try installing [litlogger](https://pypi.org/project/litlogger/) to enable LitLogger, which logs metrics and artifacts automatically to the Lightning Experiments platform.
/orcd/home/002/pablomer/miniforge3/envs/torchenv/lib/python3.11/site-packages/pytorch_lightning/callbacks/model_checkpoint.py:881: Checkpoint directory /orcd/pool/007/pablomer/tess-generative/galaxy_images/galaxy_model/downstream_evaluation/engaging/checkpoints exists and is not empty.
/orcd/home/002/pablomer/miniforge3/envs/torchenv/lib/python3.11/site-packages/pytorch_lightning/trainer/connectors/data_connector.py:434: The 'val_dataloader' does not have many workers which may be a bottleneck. Consider increasing the value of the `num_workers` argument` to `num_workers=15` in the `DataLoader` to improve performance.
/orcd/home/002/pablomer/miniforge3/envs/torchenv/lib/python3.11/site-packages/pytorch_lightning/trainer/connectors/data_connector.py:434: The 'train_dataloader' does not have many workers which may be a bottleneck. Consider increasing the value of the `num_workers` argument` to `num_workers=15` in the `DataLoader` to improve performance.
[rank: 0] Seed set to 0
/orcd/home/002/pablomer/miniforge3/envs/torchenv/lib/python3.11/site-packages/lightning_fabric/plugins/environments/slurm.py:204: The `srun` command is available on your system but is not used. HINT: If your intention is to run Lightning on SLURM, prepend your python command with `srun` like so: srun python predict_combined.py --embeddings outputs/embeddings/ ...
/orcd/home/002/pablomer/miniforge3/envs/torchenv/lib/python3.11/site-packages/torch/cuda/__init__.py:734: UserWarning: Can't initialize NVML
  warnings.warn("Can't initialize NVML")
GPU available: False, used: False
TPU available: False, using: 0 TPU cores
💡 Tip: For seamless cloud logging and experiment tracking, try installing [litlogger](https://pypi.org/project/litlogger/) to enable LitLogger, which logs metrics and artifacts automatically to the Lightning Experiments platform.
/orcd/home/002/pablomer/miniforge3/envs/torchenv/lib/python3.11/site-packages/pytorch_lightning/callbacks/model_checkpoint.py:881: Checkpoint directory /orcd/pool/007/pablomer/tess-generative/galaxy_images/galaxy_model/downstream_evaluation/engaging/checkpoints exists and is not empty.
/orcd/home/002/pablomer/miniforge3/envs/torchenv/lib/python3.11/site-packages/pytorch_lightning/trainer/connectors/data_connector.py:434: The 'val_dataloader' does not have many workers which may be a bottleneck. Consider increasing the value of the `num_workers` argument` to `num_workers=15` in the `DataLoader` to improve performance.
/orcd/home/002/pablomer/miniforge3/envs/torchenv/lib/python3.11/site-packages/pytorch_lightning/trainer/connectors/data_connector.py:434: The 'train_dataloader' does not have many workers which may be a bottleneck. Consider increasing the value of the `num_workers` argument` to `num_workers=15` in the `DataLoader` to improve performance.
[rank: 0] Seed set to 0
/orcd/home/002/pablomer/miniforge3/envs/torchenv/lib/python3.11/site-packages/lightning_fabric/plugins/environments/slurm.py:204: The `srun` command is available on your system but is not used. HINT: If your intention is to run Lightning on SLURM, prepend your python command with `srun` like so: srun python predict_combined.py --embeddings outputs/embeddings/ ...
/orcd/home/002/pablomer/miniforge3/envs/torchenv/lib/python3.11/site-packages/torch/cuda/__init__.py:734: UserWarning: Can't initialize NVML
  warnings.warn("Can't initialize NVML")
GPU available: False, used: False
TPU available: False, using: 0 TPU cores
💡 Tip: For seamless cloud logging and experiment tracking, try installing [litlogger](https://pypi.org/project/litlogger/) to enable LitLogger, which logs metrics and artifacts automatically to the Lightning Experiments platform.
/orcd/home/002/pablomer/miniforge3/envs/torchenv/lib/python3.11/site-packages/pytorch_lightning/callbacks/model_checkpoint.py:881: Checkpoint directory /orcd/pool/007/pablomer/tess-generative/galaxy_images/galaxy_model/downstream_evaluation/engaging/checkpoints exists and is not empty.
/orcd/home/002/pablomer/miniforge3/envs/torchenv/lib/python3.11/site-packages/pytorch_lightning/trainer/connectors/data_connector.py:434: The 'val_dataloader' does not have many workers which may be a bottleneck. Consider increasing the value of the `num_workers` argument` to `num_workers=15` in the `DataLoader` to improve performance.
/orcd/home/002/pablomer/miniforge3/envs/torchenv/lib/python3.11/site-packages/pytorch_lightning/trainer/connectors/data_connector.py:434: The 'train_dataloader' does not have many workers which may be a bottleneck. Consider increasing the value of the `num_workers` argument` to `num_workers=15` in the `DataLoader` to improve performance.
[rank: 0] Seed set to 0
/orcd/home/002/pablomer/miniforge3/envs/torchenv/lib/python3.11/site-packages/lightning_fabric/plugins/environments/slurm.py:204: The `srun` command is available on your system but is not used. HINT: If your intention is to run Lightning on SLURM, prepend your python command with `srun` like so: srun python predict_combined.py --embeddings outputs/embeddings/ ...
/orcd/home/002/pablomer/miniforge3/envs/torchenv/lib/python3.11/site-packages/torch/cuda/__init__.py:734: UserWarning: Can't initialize NVML
  warnings.warn("Can't initialize NVML")
GPU available: False, used: False
TPU available: False, using: 0 TPU cores
💡 Tip: For seamless cloud logging and experiment tracking, try installing [litlogger](https://pypi.org/project/litlogger/) to enable LitLogger, which logs metrics and artifacts automatically to the Lightning Experiments platform.
/orcd/home/002/pablomer/miniforge3/envs/torchenv/lib/python3.11/site-packages/pytorch_lightning/callbacks/model_checkpoint.py:881: Checkpoint directory /orcd/pool/007/pablomer/tess-generative/galaxy_images/galaxy_model/downstream_evaluation/engaging/checkpoints exists and is not empty.
/orcd/home/002/pablomer/miniforge3/envs/torchenv/lib/python3.11/site-packages/pytorch_lightning/trainer/connectors/data_connector.py:434: The 'val_dataloader' does not have many workers which may be a bottleneck. Consider increasing the value of the `num_workers` argument` to `num_workers=15` in the `DataLoader` to improve performance.
/orcd/home/002/pablomer/miniforge3/envs/torchenv/lib/python3.11/site-packages/pytorch_lightning/trainer/connectors/data_connector.py:434: The 'train_dataloader' does not have many workers which may be a bottleneck. Consider increasing the value of the `num_workers` argument` to `num_workers=15` in the `DataLoader` to improve performance.
`Trainer.fit` stopped: `max_epochs=50` reached.
[rank: 0] Seed set to 0
/orcd/home/002/pablomer/miniforge3/envs/torchenv/lib/python3.11/site-packages/lightning_fabric/plugins/environments/slurm.py:204: The `srun` command is available on your system but is not used. HINT: If your intention is to run Lightning on SLURM, prepend your python command with `srun` like so: srun python predict_combined.py --embeddings outputs/embeddings/ ...
/orcd/home/002/pablomer/miniforge3/envs/torchenv/lib/python3.11/site-packages/torch/cuda/__init__.py:734: UserWarning: Can't initialize NVML
  warnings.warn("Can't initialize NVML")
GPU available: False, used: False
TPU available: False, using: 0 TPU cores
💡 Tip: For seamless cloud logging and experiment tracking, try installing [litlogger](https://pypi.org/project/litlogger/) to enable LitLogger, which logs metrics and artifacts automatically to the Lightning Experiments platform.
/orcd/home/002/pablomer/miniforge3/envs/torchenv/lib/python3.11/site-packages/pytorch_lightning/callbacks/model_checkpoint.py:881: Checkpoint directory /orcd/pool/007/pablomer/tess-generative/galaxy_images/galaxy_model/downstream_evaluation/engaging/checkpoints exists and is not empty.
/orcd/home/002/pablomer/miniforge3/envs/torchenv/lib/python3.11/site-packages/pytorch_lightning/trainer/connectors/data_connector.py:434: The 'val_dataloader' does not have many workers which may be a bottleneck. Consider increasing the value of the `num_workers` argument` to `num_workers=15` in the `DataLoader` to improve performance.
/orcd/home/002/pablomer/miniforge3/envs/torchenv/lib/python3.11/site-packages/pytorch_lightning/trainer/connectors/data_connector.py:434: The 'train_dataloader' does not have many workers which may be a bottleneck. Consider increasing the value of the `num_workers` argument` to `num_workers=15` in the `DataLoader` to improve performance.
[rank: 0] Seed set to 0
/orcd/home/002/pablomer/miniforge3/envs/torchenv/lib/python3.11/site-packages/lightning_fabric/plugins/environments/slurm.py:204: The `srun` command is available on your system but is not used. HINT: If your intention is to run Lightning on SLURM, prepend your python command with `srun` like so: srun python predict_combined.py --embeddings outputs/embeddings/ ...
/orcd/home/002/pablomer/miniforge3/envs/torchenv/lib/python3.11/site-packages/torch/cuda/__init__.py:734: UserWarning: Can't initialize NVML
  warnings.warn("Can't initialize NVML")
GPU available: False, used: False
TPU available: False, using: 0 TPU cores
💡 Tip: For seamless cloud logging and experiment tracking, try installing [litlogger](https://pypi.org/project/litlogger/) to enable LitLogger, which logs metrics and artifacts automatically to the Lightning Experiments platform.
/orcd/home/002/pablomer/miniforge3/envs/torchenv/lib/python3.11/site-packages/pytorch_lightning/callbacks/model_checkpoint.py:881: Checkpoint directory /orcd/pool/007/pablomer/tess-generative/galaxy_images/galaxy_model/downstream_evaluation/engaging/checkpoints exists and is not empty.
/orcd/home/002/pablomer/miniforge3/envs/torchenv/lib/python3.11/site-packages/pytorch_lightning/trainer/connectors/data_connector.py:434: The 'val_dataloader' does not have many workers which may be a bottleneck. Consider increasing the value of the `num_workers` argument` to `num_workers=15` in the `DataLoader` to improve performance.
/orcd/home/002/pablomer/miniforge3/envs/torchenv/lib/python3.11/site-packages/pytorch_lightning/trainer/connectors/data_connector.py:434: The 'train_dataloader' does not have many workers which may be a bottleneck. Consider increasing the value of the `num_workers` argument` to `num_workers=15` in the `DataLoader` to improve performance.
`Trainer.fit` stopped: `max_epochs=50` reached.
[rank: 0] Seed set to 0
/orcd/home/002/pablomer/miniforge3/envs/torchenv/lib/python3.11/site-packages/lightning_fabric/plugins/environments/slurm.py:204: The `srun` command is available on your system but is not used. HINT: If your intention is to run Lightning on SLURM, prepend your python command with `srun` like so: srun python predict_combined.py --embeddings outputs/embeddings/ ...
/orcd/home/002/pablomer/miniforge3/envs/torchenv/lib/python3.11/site-packages/torch/cuda/__init__.py:734: UserWarning: Can't initialize NVML
  warnings.warn("Can't initialize NVML")
GPU available: False, used: False
TPU available: False, using: 0 TPU cores
💡 Tip: For seamless cloud logging and experiment tracking, try installing [litlogger](https://pypi.org/project/litlogger/) to enable LitLogger, which logs metrics and artifacts automatically to the Lightning Experiments platform.
/orcd/home/002/pablomer/miniforge3/envs/torchenv/lib/python3.11/site-packages/pytorch_lightning/callbacks/model_checkpoint.py:881: Checkpoint directory /orcd/pool/007/pablomer/tess-generative/galaxy_images/galaxy_model/downstream_evaluation/engaging/checkpoints exists and is not empty.
/orcd/home/002/pablomer/miniforge3/envs/torchenv/lib/python3.11/site-packages/pytorch_lightning/trainer/connectors/data_connector.py:434: The 'val_dataloader' does not have many workers which may be a bottleneck. Consider increasing the value of the `num_workers` argument` to `num_workers=15` in the `DataLoader` to improve performance.
/orcd/home/002/pablomer/miniforge3/envs/torchenv/lib/python3.11/site-packages/pytorch_lightning/trainer/connectors/data_connector.py:434: The 'train_dataloader' does not have many workers which may be a bottleneck. Consider increasing the value of the `num_workers` argument` to `num_workers=15` in the `DataLoader` to improve performance.
[rank: 0] Seed set to 0
/orcd/home/002/pablomer/miniforge3/envs/torchenv/lib/python3.11/site-packages/lightning_fabric/plugins/environments/slurm.py:204: The `srun` command is available on your system but is not used. HINT: If your intention is to run Lightning on SLURM, prepend your python command with `srun` like so: srun python predict_combined.py --embeddings outputs/embeddings/ ...
/orcd/home/002/pablomer/miniforge3/envs/torchenv/lib/python3.11/site-packages/torch/cuda/__init__.py:734: UserWarning: Can't initialize NVML
  warnings.warn("Can't initialize NVML")
GPU available: False, used: False
TPU available: False, using: 0 TPU cores
💡 Tip: For seamless cloud logging and experiment tracking, try installing [litlogger](https://pypi.org/project/litlogger/) to enable LitLogger, which logs metrics and artifacts automatically to the Lightning Experiments platform.
/orcd/home/002/pablomer/miniforge3/envs/torchenv/lib/python3.11/site-packages/pytorch_lightning/callbacks/model_checkpoint.py:881: Checkpoint directory /orcd/pool/007/pablomer/tess-generative/galaxy_images/galaxy_model/downstream_evaluation/engaging/checkpoints exists and is not empty.
/orcd/home/002/pablomer/miniforge3/envs/torchenv/lib/python3.11/site-packages/pytorch_lightning/trainer/connectors/data_connector.py:434: The 'val_dataloader' does not have many workers which may be a bottleneck. Consider increasing the value of the `num_workers` argument` to `num_workers=15` in the `DataLoader` to improve performance.
/orcd/home/002/pablomer/miniforge3/envs/torchenv/lib/python3.11/site-packages/pytorch_lightning/trainer/connectors/data_connector.py:434: The 'train_dataloader' does not have many workers which may be a bottleneck. Consider increasing the value of the `num_workers` argument` to `num_workers=15` in the `DataLoader` to improve performance.
[rank: 0] Seed set to 0
/orcd/home/002/pablomer/miniforge3/envs/torchenv/lib/python3.11/site-packages/lightning_fabric/plugins/environments/slurm.py:204: The `srun` command is available on your system but is not used. HINT: If your intention is to run Lightning on SLURM, prepend your python command with `srun` like so: srun python predict_combined.py --embeddings outputs/embeddings/ ...
/orcd/home/002/pablomer/miniforge3/envs/torchenv/lib/python3.11/site-packages/torch/cuda/__init__.py:734: UserWarning: Can't initialize NVML
  warnings.warn("Can't initialize NVML")
GPU available: False, used: False
TPU available: False, using: 0 TPU cores
💡 Tip: For seamless cloud logging and experiment tracking, try installing [litlogger](https://pypi.org/project/litlogger/) to enable LitLogger, which logs metrics and artifacts automatically to the Lightning Experiments platform.
/orcd/home/002/pablomer/miniforge3/envs/torchenv/lib/python3.11/site-packages/pytorch_lightning/callbacks/model_checkpoint.py:881: Checkpoint directory /orcd/pool/007/pablomer/tess-generative/galaxy_images/galaxy_model/downstream_evaluation/engaging/checkpoints exists and is not empty.
/orcd/home/002/pablomer/miniforge3/envs/torchenv/lib/python3.11/site-packages/pytorch_lightning/trainer/connectors/data_connector.py:434: The 'val_dataloader' does not have many workers which may be a bottleneck. Consider increasing the value of the `num_workers` argument` to `num_workers=15` in the `DataLoader` to improve performance.
/orcd/home/002/pablomer/miniforge3/envs/torchenv/lib/python3.11/site-packages/pytorch_lightning/trainer/connectors/data_connector.py:434: The 'train_dataloader' does not have many workers which may be a bottleneck. Consider increasing the value of the `num_workers` argument` to `num_workers=15` in the `DataLoader` to improve performance.
[rank: 0] Seed set to 0
/orcd/home/002/pablomer/miniforge3/envs/torchenv/lib/python3.11/site-packages/lightning_fabric/plugins/environments/slurm.py:204: The `srun` command is available on your system but is not used. HINT: If your intention is to run Lightning on SLURM, prepend your python command with `srun` like so: srun python predict_combined.py --embeddings outputs/embeddings/ ...
/orcd/home/002/pablomer/miniforge3/envs/torchenv/lib/python3.11/site-packages/torch/cuda/__init__.py:734: UserWarning: Can't initialize NVML
  warnings.warn("Can't initialize NVML")
GPU available: False, used: False
TPU available: False, using: 0 TPU cores
💡 Tip: For seamless cloud logging and experiment tracking, try installing [litlogger](https://pypi.org/project/litlogger/) to enable LitLogger, which logs metrics and artifacts automatically to the Lightning Experiments platform.
/orcd/home/002/pablomer/miniforge3/envs/torchenv/lib/python3.11/site-packages/pytorch_lightning/callbacks/model_checkpoint.py:881: Checkpoint directory /orcd/pool/007/pablomer/tess-generative/galaxy_images/galaxy_model/downstream_evaluation/engaging/checkpoints exists and is not empty.
/orcd/home/002/pablomer/miniforge3/envs/torchenv/lib/python3.11/site-packages/pytorch_lightning/trainer/connectors/data_connector.py:434: The 'val_dataloader' does not have many workers which may be a bottleneck. Consider increasing the value of the `num_workers` argument` to `num_workers=15` in the `DataLoader` to improve performance.
/orcd/home/002/pablomer/miniforge3/envs/torchenv/lib/python3.11/site-packages/pytorch_lightning/trainer/connectors/data_connector.py:434: The 'train_dataloader' does not have many workers which may be a bottleneck. Consider increasing the value of the `num_workers` argument` to `num_workers=15` in the `DataLoader` to improve performance.
`Trainer.fit` stopped: `max_epochs=50` reached.
[rank: 0] Seed set to 0
/orcd/home/002/pablomer/miniforge3/envs/torchenv/lib/python3.11/site-packages/lightning_fabric/plugins/environments/slurm.py:204: The `srun` command is available on your system but is not used. HINT: If your intention is to run Lightning on SLURM, prepend your python command with `srun` like so: srun python predict_combined.py --embeddings outputs/embeddings/ ...
/orcd/home/002/pablomer/miniforge3/envs/torchenv/lib/python3.11/site-packages/torch/cuda/__init__.py:734: UserWarning: Can't initialize NVML
  warnings.warn("Can't initialize NVML")
GPU available: False, used: False
TPU available: False, using: 0 TPU cores
💡 Tip: For seamless cloud logging and experiment tracking, try installing [litlogger](https://pypi.org/project/litlogger/) to enable LitLogger, which logs metrics and artifacts automatically to the Lightning Experiments platform.
/orcd/home/002/pablomer/miniforge3/envs/torchenv/lib/python3.11/site-packages/pytorch_lightning/callbacks/model_checkpoint.py:881: Checkpoint directory /orcd/pool/007/pablomer/tess-generative/galaxy_images/galaxy_model/downstream_evaluation/engaging/checkpoints exists and is not empty.
/orcd/home/002/pablomer/miniforge3/envs/torchenv/lib/python3.11/site-packages/pytorch_lightning/trainer/connectors/data_connector.py:434: The 'val_dataloader' does not have many workers which may be a bottleneck. Consider increasing the value of the `num_workers` argument` to `num_workers=15` in the `DataLoader` to improve performance.
/orcd/home/002/pablomer/miniforge3/envs/torchenv/lib/python3.11/site-packages/pytorch_lightning/trainer/connectors/data_connector.py:434: The 'train_dataloader' does not have many workers which may be a bottleneck. Consider increasing the value of the `num_workers` argument` to `num_workers=15` in the `DataLoader` to improve performance.
[rank: 0] Seed set to 0
/orcd/home/002/pablomer/miniforge3/envs/torchenv/lib/python3.11/site-packages/lightning_fabric/plugins/environments/slurm.py:204: The `srun` command is available on your system but is not used. HINT: If your intention is to run Lightning on SLURM, prepend your python command with `srun` like so: srun python predict_combined.py --embeddings outputs/embeddings/ ...
/orcd/home/002/pablomer/miniforge3/envs/torchenv/lib/python3.11/site-packages/torch/cuda/__init__.py:734: UserWarning: Can't initialize NVML
  warnings.warn("Can't initialize NVML")
GPU available: False, used: False
TPU available: False, using: 0 TPU cores
💡 Tip: For seamless cloud logging and experiment tracking, try installing [litlogger](https://pypi.org/project/litlogger/) to enable LitLogger, which logs metrics and artifacts automatically to the Lightning Experiments platform.
/orcd/home/002/pablomer/miniforge3/envs/torchenv/lib/python3.11/site-packages/pytorch_lightning/callbacks/model_checkpoint.py:881: Checkpoint directory /orcd/pool/007/pablomer/tess-generative/galaxy_images/galaxy_model/downstream_evaluation/engaging/checkpoints exists and is not empty.
/orcd/home/002/pablomer/miniforge3/envs/torchenv/lib/python3.11/site-packages/pytorch_lightning/trainer/connectors/data_connector.py:434: The 'val_dataloader' does not have many workers which may be a bottleneck. Consider increasing the value of the `num_workers` argument` to `num_workers=15` in the `DataLoader` to improve performance.
/orcd/home/002/pablomer/miniforge3/envs/torchenv/lib/python3.11/site-packages/pytorch_lightning/trainer/connectors/data_connector.py:434: The 'train_dataloader' does not have many workers which may be a bottleneck. Consider increasing the value of the `num_workers` argument` to `num_workers=15` in the `DataLoader` to improve performance.
`Trainer.fit` stopped: `max_epochs=50` reached.
[rank: 0] Seed set to 0
/orcd/home/002/pablomer/miniforge3/envs/torchenv/lib/python3.11/site-packages/lightning_fabric/plugins/environments/slurm.py:204: The `srun` command is available on your system but is not used. HINT: If your intention is to run Lightning on SLURM, prepend your python command with `srun` like so: srun python predict_combined.py --embeddings outputs/embeddings/ ...
/orcd/home/002/pablomer/miniforge3/envs/torchenv/lib/python3.11/site-packages/torch/cuda/__init__.py:734: UserWarning: Can't initialize NVML
  warnings.warn("Can't initialize NVML")
GPU available: False, used: False
TPU available: False, using: 0 TPU cores
💡 Tip: For seamless cloud logging and experiment tracking, try installing [litlogger](https://pypi.org/project/litlogger/) to enable LitLogger, which logs metrics and artifacts automatically to the Lightning Experiments platform.
/orcd/home/002/pablomer/miniforge3/envs/torchenv/lib/python3.11/site-packages/pytorch_lightning/callbacks/model_checkpoint.py:881: Checkpoint directory /orcd/pool/007/pablomer/tess-generative/galaxy_images/galaxy_model/downstream_evaluation/engaging/checkpoints exists and is not empty.
/orcd/home/002/pablomer/miniforge3/envs/torchenv/lib/python3.11/site-packages/pytorch_lightning/trainer/connectors/data_connector.py:434: The 'val_dataloader' does not have many workers which may be a bottleneck. Consider increasing the value of the `num_workers` argument` to `num_workers=15` in the `DataLoader` to improve performance.
/orcd/home/002/pablomer/miniforge3/envs/torchenv/lib/python3.11/site-packages/pytorch_lightning/trainer/connectors/data_connector.py:434: The 'train_dataloader' does not have many workers which may be a bottleneck. Consider increasing the value of the `num_workers` argument` to `num_workers=15` in the `DataLoader` to improve performance.
[rank: 0] Seed set to 0
/orcd/home/002/pablomer/miniforge3/envs/torchenv/lib/python3.11/site-packages/lightning_fabric/plugins/environments/slurm.py:204: The `srun` command is available on your system but is not used. HINT: If your intention is to run Lightning on SLURM, prepend your python command with `srun` like so: srun python predict_combined.py --embeddings outputs/embeddings/ ...
/orcd/home/002/pablomer/miniforge3/envs/torchenv/lib/python3.11/site-packages/torch/cuda/__init__.py:734: UserWarning: Can't initialize NVML
  warnings.warn("Can't initialize NVML")
GPU available: False, used: False
TPU available: False, using: 0 TPU cores
💡 Tip: For seamless cloud logging and experiment tracking, try installing [litlogger](https://pypi.org/project/litlogger/) to enable LitLogger, which logs metrics and artifacts automatically to the Lightning Experiments platform.
/orcd/home/002/pablomer/miniforge3/envs/torchenv/lib/python3.11/site-packages/pytorch_lightning/callbacks/model_checkpoint.py:881: Checkpoint directory /orcd/pool/007/pablomer/tess-generative/galaxy_images/galaxy_model/downstream_evaluation/engaging/checkpoints exists and is not empty.
/orcd/home/002/pablomer/miniforge3/envs/torchenv/lib/python3.11/site-packages/pytorch_lightning/trainer/connectors/data_connector.py:434: The 'val_dataloader' does not have many workers which may be a bottleneck. Consider increasing the value of the `num_workers` argument` to `num_workers=15` in the `DataLoader` to improve performance.
/orcd/home/002/pablomer/miniforge3/envs/torchenv/lib/python3.11/site-packages/pytorch_lightning/trainer/connectors/data_connector.py:434: The 'train_dataloader' does not have many workers which may be a bottleneck. Consider increasing the value of the `num_workers` argument` to `num_workers=15` in the `DataLoader` to improve performance.
[rank: 0] Seed set to 0
/orcd/home/002/pablomer/miniforge3/envs/torchenv/lib/python3.11/site-packages/lightning_fabric/plugins/environments/slurm.py:204: The `srun` command is available on your system but is not used. HINT: If your intention is to run Lightning on SLURM, prepend your python command with `srun` like so: srun python predict_combined.py --embeddings outputs/embeddings/ ...
/orcd/home/002/pablomer/miniforge3/envs/torchenv/lib/python3.11/site-packages/torch/cuda/__init__.py:734: UserWarning: Can't initialize NVML
  warnings.warn("Can't initialize NVML")
GPU available: False, used: False
TPU available: False, using: 0 TPU cores
💡 Tip: For seamless cloud logging and experiment tracking, try installing [litlogger](https://pypi.org/project/litlogger/) to enable LitLogger, which logs metrics and artifacts automatically to the Lightning Experiments platform.
/orcd/home/002/pablomer/miniforge3/envs/torchenv/lib/python3.11/site-packages/pytorch_lightning/callbacks/model_checkpoint.py:881: Checkpoint directory /orcd/pool/007/pablomer/tess-generative/galaxy_images/galaxy_model/downstream_evaluation/engaging/checkpoints exists and is not empty.
/orcd/home/002/pablomer/miniforge3/envs/torchenv/lib/python3.11/site-packages/pytorch_lightning/trainer/connectors/data_connector.py:434: The 'val_dataloader' does not have many workers which may be a bottleneck. Consider increasing the value of the `num_workers` argument` to `num_workers=15` in the `DataLoader` to improve performance.
/orcd/home/002/pablomer/miniforge3/envs/torchenv/lib/python3.11/site-packages/pytorch_lightning/trainer/connectors/data_connector.py:434: The 'train_dataloader' does not have many workers which may be a bottleneck. Consider increasing the value of the `num_workers` argument` to `num_workers=15` in the `DataLoader` to improve performance.
[rank: 0] Seed set to 0
/orcd/home/002/pablomer/miniforge3/envs/torchenv/lib/python3.11/site-packages/lightning_fabric/plugins/environments/slurm.py:204: The `srun` command is available on your system but is not used. HINT: If your intention is to run Lightning on SLURM, prepend your python command with `srun` like so: srun python predict_combined.py --embeddings outputs/embeddings/ ...
/orcd/home/002/pablomer/miniforge3/envs/torchenv/lib/python3.11/site-packages/torch/cuda/__init__.py:734: UserWarning: Can't initialize NVML
  warnings.warn("Can't initialize NVML")
GPU available: False, used: False
TPU available: False, using: 0 TPU cores
💡 Tip: For seamless cloud logging and experiment tracking, try installing [litlogger](https://pypi.org/project/litlogger/) to enable LitLogger, which logs metrics and artifacts automatically to the Lightning Experiments platform.
/orcd/home/002/pablomer/miniforge3/envs/torchenv/lib/python3.11/site-packages/pytorch_lightning/callbacks/model_checkpoint.py:881: Checkpoint directory /orcd/pool/007/pablomer/tess-generative/galaxy_images/galaxy_model/downstream_evaluation/engaging/checkpoints exists and is not empty.
/orcd/home/002/pablomer/miniforge3/envs/torchenv/lib/python3.11/site-packages/pytorch_lightning/trainer/connectors/data_connector.py:434: The 'val_dataloader' does not have many workers which may be a bottleneck. Consider increasing the value of the `num_workers` argument` to `num_workers=15` in the `DataLoader` to improve performance.
/orcd/home/002/pablomer/miniforge3/envs/torchenv/lib/python3.11/site-packages/pytorch_lightning/trainer/connectors/data_connector.py:434: The 'train_dataloader' does not have many workers which may be a bottleneck. Consider increasing the value of the `num_workers` argument` to `num_workers=15` in the `DataLoader` to improve performance.
`Trainer.fit` stopped: `max_epochs=50` reached.
[rank: 0] Seed set to 0
/orcd/home/002/pablomer/miniforge3/envs/torchenv/lib/python3.11/site-packages/lightning_fabric/plugins/environments/slurm.py:204: The `srun` command is available on your system but is not used. HINT: If your intention is to run Lightning on SLURM, prepend your python command with `srun` like so: srun python predict_combined.py --embeddings outputs/embeddings/ ...
/orcd/home/002/pablomer/miniforge3/envs/torchenv/lib/python3.11/site-packages/torch/cuda/__init__.py:734: UserWarning: Can't initialize NVML
  warnings.warn("Can't initialize NVML")
GPU available: False, used: False
TPU available: False, using: 0 TPU cores
💡 Tip: For seamless cloud logging and experiment tracking, try installing [litlogger](https://pypi.org/project/litlogger/) to enable LitLogger, which logs metrics and artifacts automatically to the Lightning Experiments platform.
/orcd/home/002/pablomer/miniforge3/envs/torchenv/lib/python3.11/site-packages/pytorch_lightning/callbacks/model_checkpoint.py:881: Checkpoint directory /orcd/pool/007/pablomer/tess-generative/galaxy_images/galaxy_model/downstream_evaluation/engaging/checkpoints exists and is not empty.
/orcd/home/002/pablomer/miniforge3/envs/torchenv/lib/python3.11/site-packages/pytorch_lightning/trainer/connectors/data_connector.py:434: The 'val_dataloader' does not have many workers which may be a bottleneck. Consider increasing the value of the `num_workers` argument` to `num_workers=15` in the `DataLoader` to improve performance.
/orcd/home/002/pablomer/miniforge3/envs/torchenv/lib/python3.11/site-packages/pytorch_lightning/trainer/connectors/data_connector.py:434: The 'train_dataloader' does not have many workers which may be a bottleneck. Consider increasing the value of the `num_workers` argument` to `num_workers=15` in the `DataLoader` to improve performance.
[rank: 0] Seed set to 0
/orcd/home/002/pablomer/miniforge3/envs/torchenv/lib/python3.11/site-packages/lightning_fabric/plugins/environments/slurm.py:204: The `srun` command is available on your system but is not used. HINT: If your intention is to run Lightning on SLURM, prepend your python command with `srun` like so: srun python predict_combined.py --embeddings outputs/embeddings/ ...
/orcd/home/002/pablomer/miniforge3/envs/torchenv/lib/python3.11/site-packages/torch/cuda/__init__.py:734: UserWarning: Can't initialize NVML
  warnings.warn("Can't initialize NVML")
GPU available: False, used: False
TPU available: False, using: 0 TPU cores
💡 Tip: For seamless cloud logging and experiment tracking, try installing [litlogger](https://pypi.org/project/litlogger/) to enable LitLogger, which logs metrics and artifacts automatically to the Lightning Experiments platform.
/orcd/home/002/pablomer/miniforge3/envs/torchenv/lib/python3.11/site-packages/pytorch_lightning/callbacks/model_checkpoint.py:881: Checkpoint directory /orcd/pool/007/pablomer/tess-generative/galaxy_images/galaxy_model/downstream_evaluation/engaging/checkpoints exists and is not empty.
/orcd/home/002/pablomer/miniforge3/envs/torchenv/lib/python3.11/site-packages/pytorch_lightning/trainer/connectors/data_connector.py:434: The 'val_dataloader' does not have many workers which may be a bottleneck. Consider increasing the value of the `num_workers` argument` to `num_workers=15` in the `DataLoader` to improve performance.
/orcd/home/002/pablomer/miniforge3/envs/torchenv/lib/python3.11/site-packages/pytorch_lightning/trainer/connectors/data_connector.py:434: The 'train_dataloader' does not have many workers which may be a bottleneck. Consider increasing the value of the `num_workers` argument` to `num_workers=15` in the `DataLoader` to improve performance.
`Trainer.fit` stopped: `max_epochs=50` reached.
[rank: 0] Seed set to 0
/orcd/home/002/pablomer/miniforge3/envs/torchenv/lib/python3.11/site-packages/lightning_fabric/plugins/environments/slurm.py:204: The `srun` command is available on your system but is not used. HINT: If your intention is to run Lightning on SLURM, prepend your python command with `srun` like so: srun python predict_combined.py --embeddings outputs/embeddings/ ...
/orcd/home/002/pablomer/miniforge3/envs/torchenv/lib/python3.11/site-packages/torch/cuda/__init__.py:734: UserWarning: Can't initialize NVML
  warnings.warn("Can't initialize NVML")
GPU available: False, used: False
TPU available: False, using: 0 TPU cores
💡 Tip: For seamless cloud logging and experiment tracking, try installing [litlogger](https://pypi.org/project/litlogger/) to enable LitLogger, which logs metrics and artifacts automatically to the Lightning Experiments platform.
/orcd/home/002/pablomer/miniforge3/envs/torchenv/lib/python3.11/site-packages/pytorch_lightning/callbacks/model_checkpoint.py:881: Checkpoint directory /orcd/pool/007/pablomer/tess-generative/galaxy_images/galaxy_model/downstream_evaluation/engaging/checkpoints exists and is not empty.
/orcd/home/002/pablomer/miniforge3/envs/torchenv/lib/python3.11/site-packages/pytorch_lightning/trainer/connectors/data_connector.py:434: The 'val_dataloader' does not have many workers which may be a bottleneck. Consider increasing the value of the `num_workers` argument` to `num_workers=15` in the `DataLoader` to improve performance.
/orcd/home/002/pablomer/miniforge3/envs/torchenv/lib/python3.11/site-packages/pytorch_lightning/trainer/connectors/data_connector.py:434: The 'train_dataloader' does not have many workers which may be a bottleneck. Consider increasing the value of the `num_workers` argument` to `num_workers=15` in the `DataLoader` to improve performance.
[rank: 0] Seed set to 0
/orcd/home/002/pablomer/miniforge3/envs/torchenv/lib/python3.11/site-packages/lightning_fabric/plugins/environments/slurm.py:204: The `srun` command is available on your system but is not used. HINT: If your intention is to run Lightning on SLURM, prepend your python command with `srun` like so: srun python predict_combined.py --embeddings outputs/embeddings/ ...
/orcd/home/002/pablomer/miniforge3/envs/torchenv/lib/python3.11/site-packages/torch/cuda/__init__.py:734: UserWarning: Can't initialize NVML
  warnings.warn("Can't initialize NVML")
GPU available: False, used: False
TPU available: False, using: 0 TPU cores
💡 Tip: For seamless cloud logging and experiment tracking, try installing [litlogger](https://pypi.org/project/litlogger/) to enable LitLogger, which logs metrics and artifacts automatically to the Lightning Experiments platform.
/orcd/home/002/pablomer/miniforge3/envs/torchenv/lib/python3.11/site-packages/pytorch_lightning/callbacks/model_checkpoint.py:881: Checkpoint directory /orcd/pool/007/pablomer/tess-generative/galaxy_images/galaxy_model/downstream_evaluation/engaging/checkpoints exists and is not empty.
/orcd/home/002/pablomer/miniforge3/envs/torchenv/lib/python3.11/site-packages/pytorch_lightning/trainer/connectors/data_connector.py:434: The 'val_dataloader' does not have many workers which may be a bottleneck. Consider increasing the value of the `num_workers` argument` to `num_workers=15` in the `DataLoader` to improve performance.
/orcd/home/002/pablomer/miniforge3/envs/torchenv/lib/python3.11/site-packages/pytorch_lightning/trainer/connectors/data_connector.py:434: The 'train_dataloader' does not have many workers which may be a bottleneck. Consider increasing the value of the `num_workers` argument` to `num_workers=15` in the `DataLoader` to improve performance.
[rank: 0] Seed set to 0
/orcd/home/002/pablomer/miniforge3/envs/torchenv/lib/python3.11/site-packages/lightning_fabric/plugins/environments/slurm.py:204: The `srun` command is available on your system but is not used. HINT: If your intention is to run Lightning on SLURM, prepend your python command with `srun` like so: srun python predict_combined.py --embeddings outputs/embeddings/ ...
/orcd/home/002/pablomer/miniforge3/envs/torchenv/lib/python3.11/site-packages/torch/cuda/__init__.py:734: UserWarning: Can't initialize NVML
  warnings.warn("Can't initialize NVML")
GPU available: False, used: False
TPU available: False, using: 0 TPU cores
💡 Tip: For seamless cloud logging and experiment tracking, try installing [litlogger](https://pypi.org/project/litlogger/) to enable LitLogger, which logs metrics and artifacts automatically to the Lightning Experiments platform.
/orcd/home/002/pablomer/miniforge3/envs/torchenv/lib/python3.11/site-packages/pytorch_lightning/callbacks/model_checkpoint.py:881: Checkpoint directory /orcd/pool/007/pablomer/tess-generative/galaxy_images/galaxy_model/downstream_evaluation/engaging/checkpoints exists and is not empty.
/orcd/home/002/pablomer/miniforge3/envs/torchenv/lib/python3.11/site-packages/pytorch_lightning/trainer/connectors/data_connector.py:434: The 'val_dataloader' does not have many workers which may be a bottleneck. Consider increasing the value of the `num_workers` argument` to `num_workers=15` in the `DataLoader` to improve performance.
/orcd/home/002/pablomer/miniforge3/envs/torchenv/lib/python3.11/site-packages/pytorch_lightning/trainer/connectors/data_connector.py:434: The 'train_dataloader' does not have many workers which may be a bottleneck. Consider increasing the value of the `num_workers` argument` to `num_workers=15` in the `DataLoader` to improve performance.
[rank: 0] Seed set to 0
/orcd/home/002/pablomer/miniforge3/envs/torchenv/lib/python3.11/site-packages/lightning_fabric/plugins/environments/slurm.py:204: The `srun` command is available on your system but is not used. HINT: If your intention is to run Lightning on SLURM, prepend your python command with `srun` like so: srun python predict_combined.py --embeddings outputs/embeddings/ ...
/orcd/home/002/pablomer/miniforge3/envs/torchenv/lib/python3.11/site-packages/torch/cuda/__init__.py:734: UserWarning: Can't initialize NVML
  warnings.warn("Can't initialize NVML")
GPU available: False, used: False
TPU available: False, using: 0 TPU cores
💡 Tip: For seamless cloud logging and experiment tracking, try installing [litlogger](https://pypi.org/project/litlogger/) to enable LitLogger, which logs metrics and artifacts automatically to the Lightning Experiments platform.
/orcd/home/002/pablomer/miniforge3/envs/torchenv/lib/python3.11/site-packages/pytorch_lightning/callbacks/model_checkpoint.py:881: Checkpoint directory /orcd/pool/007/pablomer/tess-generative/galaxy_images/galaxy_model/downstream_evaluation/engaging/checkpoints exists and is not empty.
/orcd/home/002/pablomer/miniforge3/envs/torchenv/lib/python3.11/site-packages/pytorch_lightning/trainer/connectors/data_connector.py:434: The 'val_dataloader' does not have many workers which may be a bottleneck. Consider increasing the value of the `num_workers` argument` to `num_workers=15` in the `DataLoader` to improve performance.
/orcd/home/002/pablomer/miniforge3/envs/torchenv/lib/python3.11/site-packages/pytorch_lightning/trainer/connectors/data_connector.py:434: The 'train_dataloader' does not have many workers which may be a bottleneck. Consider increasing the value of the `num_workers` argument` to `num_workers=15` in the `DataLoader` to improve performance.
