[chain] attempt 1/15 for contrastive-random-avg (job 17522954)
Submitted batch job 17525907
[wandb] WANDB_MODE=online  WANDB_DIR=/orcd/pool/007/pablomer/checkpoints_new/contrastive-random-avg
[ckpt] run directory: /orcd/pool/007/pablomer/checkpoints_new/contrastive-random-avg
[cfg] encoder_pool=avg random_neighbors=True max_steps=100000 batch_size=64
[NeighborsRAM48Dataset] 103,741 anchors / 468,197 rows | in_ram=True | max_neighbors=5 | random_neighbors=True
[data] total=103,741  train=98,554  val=5,187
┏━━━┳━━━━━━━━━━━━━━━━━━━━┳━━━━━━━━━━━━━━━━┳━━━━━━━━┳━━━━━━━┳━━━━━━━┓
┃   ┃ Name               ┃ Type           ┃ Params ┃ Mode  ┃ FLOPs ┃
┡━━━╇━━━━━━━━━━━━━━━━━━━━╇━━━━━━━━━━━━━━━━╇━━━━━━━━╇━━━━━━━╇━━━━━━━┩
│ 0 │ encoder_galaxy     │ ResNetEncoder  │ 11.2 M │ train │     0 │
│ 1 │ encoder_instrument │ ResNetEncoder  │ 11.2 M │ train │     0 │
│ 2 │ head_galaxy        │ ProjectionHead │  6.2 K │ train │     0 │
│ 3 │ head_instrument    │ ProjectionHead │  6.2 K │ train │     0 │
└───┴────────────────────┴────────────────┴────────┴───────┴───────┘
Trainable params: 22.4 M                                                        
Non-trainable params: 0                                                         
Total params: 22.4 M                                                            
Total estimated model params size (MB): 89                                      
Modules in train mode: 194                                                      
Modules in eval mode: 0                                                         
Total FLOPs: 0                                                                  
[checkpoint] saved: /orcd/pool/007/pablomer/checkpoints_new/contrastive-random-avg/latest-step=500.ckpt
[checkpoint] saved: /orcd/pool/007/pablomer/checkpoints_new/contrastive-random-avg/last.ckpt
[checkpoint] saved: /orcd/pool/007/pablomer/checkpoints_new/contrastive-random-avg/latest-step=1000.ckpt
[checkpoint] saved: /orcd/pool/007/pablomer/checkpoints_new/contrastive-random-avg/last.ckpt
[checkpoint] saved: /orcd/pool/007/pablomer/checkpoints_new/contrastive-random-avg/best-epoch=00-step=1000.ckpt
[checkpoint] saved: /orcd/pool/007/pablomer/checkpoints_new/contrastive-random-avg/latest-step=1500.ckpt
[checkpoint] saved: /orcd/pool/007/pablomer/checkpoints_new/contrastive-random-avg/last.ckpt
[checkpoint] saved: /orcd/pool/007/pablomer/checkpoints_new/contrastive-random-avg/latest-step=2000.ckpt
[checkpoint] saved: /orcd/pool/007/pablomer/checkpoints_new/contrastive-random-avg/last.ckpt
[checkpoint] saved: /orcd/pool/007/pablomer/checkpoints_new/contrastive-random-avg/best-epoch=01-step=2000.ckpt
[checkpoint] saved: /orcd/pool/007/pablomer/checkpoints_new/contrastive-random-avg/latest-step=2500.ckpt
[checkpoint] saved: /orcd/pool/007/pablomer/checkpoints_new/contrastive-random-avg/last.ckpt
[checkpoint] saved: /orcd/pool/007/pablomer/checkpoints_new/contrastive-random-avg/latest-step=3000.ckpt
[checkpoint] saved: /orcd/pool/007/pablomer/checkpoints_new/contrastive-random-avg/last.ckpt
[checkpoint] saved: /orcd/pool/007/pablomer/checkpoints_new/contrastive-random-avg/latest-step=3500.ckpt
[checkpoint] saved: /orcd/pool/007/pablomer/checkpoints_new/contrastive-random-avg/last.ckpt
[checkpoint] saved: /orcd/pool/007/pablomer/checkpoints_new/contrastive-random-avg/latest-step=4000.ckpt
[checkpoint] saved: /orcd/pool/007/pablomer/checkpoints_new/contrastive-random-avg/last.ckpt
[checkpoint] saved: /orcd/pool/007/pablomer/checkpoints_new/contrastive-random-avg/best-epoch=02-step=4000.ckpt
[checkpoint] saved: /orcd/pool/007/pablomer/checkpoints_new/contrastive-random-avg/latest-step=4500.ckpt
[checkpoint] saved: /orcd/pool/007/pablomer/checkpoints_new/contrastive-random-avg/last.ckpt
[checkpoint] saved: /orcd/pool/007/pablomer/checkpoints_new/contrastive-random-avg/latest-step=5000.ckpt
[checkpoint] saved: /orcd/pool/007/pablomer/checkpoints_new/contrastive-random-avg/last.ckpt
[checkpoint] saved: /orcd/pool/007/pablomer/checkpoints_new/contrastive-random-avg/best-epoch=03-step=5000.ckpt
[checkpoint] saved: /orcd/pool/007/pablomer/checkpoints_new/contrastive-random-avg/latest-step=5500.ckpt
[checkpoint] saved: /orcd/pool/007/pablomer/checkpoints_new/contrastive-random-avg/last.ckpt
[checkpoint] saved: /orcd/pool/007/pablomer/checkpoints_new/contrastive-random-avg/latest-step=6000.ckpt
[checkpoint] saved: /orcd/pool/007/pablomer/checkpoints_new/contrastive-random-avg/last.ckpt
[checkpoint] saved: /orcd/pool/007/pablomer/checkpoints_new/contrastive-random-avg/best-epoch=03-step=6000.ckpt
[checkpoint] saved: /orcd/pool/007/pablomer/checkpoints_new/contrastive-random-avg/latest-step=6500.ckpt
[checkpoint] saved: /orcd/pool/007/pablomer/checkpoints_new/contrastive-random-avg/last.ckpt
[checkpoint] saved: /orcd/pool/007/pablomer/checkpoints_new/contrastive-random-avg/latest-step=7000.ckpt
[checkpoint] saved: /orcd/pool/007/pablomer/checkpoints_new/contrastive-random-avg/last.ckpt
[checkpoint] saved: /orcd/pool/007/pablomer/checkpoints_new/contrastive-random-avg/best-epoch=04-step=7000.ckpt
[checkpoint] saved: /orcd/pool/007/pablomer/checkpoints_new/contrastive-random-avg/latest-step=7500.ckpt
[checkpoint] saved: /orcd/pool/007/pablomer/checkpoints_new/contrastive-random-avg/last.ckpt
[checkpoint] saved: /orcd/pool/007/pablomer/checkpoints_new/contrastive-random-avg/latest-step=8000.ckpt
[checkpoint] saved: /orcd/pool/007/pablomer/checkpoints_new/contrastive-random-avg/last.ckpt
[checkpoint] saved: /orcd/pool/007/pablomer/checkpoints_new/contrastive-random-avg/best-epoch=05-step=8000.ckpt
[checkpoint] saved: /orcd/pool/007/pablomer/checkpoints_new/contrastive-random-avg/latest-step=8500.ckpt
[checkpoint] saved: /orcd/pool/007/pablomer/checkpoints_new/contrastive-random-avg/last.ckpt
[checkpoint] saved: /orcd/pool/007/pablomer/checkpoints_new/contrastive-random-avg/latest-step=9000.ckpt
[checkpoint] saved: /orcd/pool/007/pablomer/checkpoints_new/contrastive-random-avg/last.ckpt
[checkpoint] saved: /orcd/pool/007/pablomer/checkpoints_new/contrastive-random-avg/best-epoch=05-step=9000.ckpt
[checkpoint] saved: /orcd/pool/007/pablomer/checkpoints_new/contrastive-random-avg/latest-step=9500.ckpt
[checkpoint] saved: /orcd/pool/007/pablomer/checkpoints_new/contrastive-random-avg/last.ckpt
[checkpoint] saved: /orcd/pool/007/pablomer/checkpoints_new/contrastive-random-avg/latest-step=10000.ckpt
[checkpoint] saved: /orcd/pool/007/pablomer/checkpoints_new/contrastive-random-avg/last.ckpt
[checkpoint] saved: /orcd/pool/007/pablomer/checkpoints_new/contrastive-random-avg/latest-step=10500.ckpt
[checkpoint] saved: /orcd/pool/007/pablomer/checkpoints_new/contrastive-random-avg/last.ckpt
[checkpoint] saved: /orcd/pool/007/pablomer/checkpoints_new/contrastive-random-avg/latest-step=11000.ckpt
[checkpoint] saved: /orcd/pool/007/pablomer/checkpoints_new/contrastive-random-avg/last.ckpt
[checkpoint] saved: /orcd/pool/007/pablomer/checkpoints_new/contrastive-random-avg/best-epoch=07-step=11000.ckpt
[checkpoint] saved: /orcd/pool/007/pablomer/checkpoints_new/contrastive-random-avg/latest-step=11500.ckpt
[checkpoint] saved: /orcd/pool/007/pablomer/checkpoints_new/contrastive-random-avg/last.ckpt
[checkpoint] saved: /orcd/pool/007/pablomer/checkpoints_new/contrastive-random-avg/latest-step=12000.ckpt
[checkpoint] saved: /orcd/pool/007/pablomer/checkpoints_new/contrastive-random-avg/last.ckpt
[checkpoint] saved: /orcd/pool/007/pablomer/checkpoints_new/contrastive-random-avg/latest-step=12500.ckpt
[checkpoint] saved: /orcd/pool/007/pablomer/checkpoints_new/contrastive-random-avg/last.ckpt
[checkpoint] saved: /orcd/pool/007/pablomer/checkpoints_new/contrastive-random-avg/latest-step=13000.ckpt
[checkpoint] saved: /orcd/pool/007/pablomer/checkpoints_new/contrastive-random-avg/last.ckpt
[checkpoint] saved: /orcd/pool/007/pablomer/checkpoints_new/contrastive-random-avg/latest-step=13500.ckpt
[checkpoint] saved: /orcd/pool/007/pablomer/checkpoints_new/contrastive-random-avg/last.ckpt
[checkpoint] saved: /orcd/pool/007/pablomer/checkpoints_new/contrastive-random-avg/latest-step=14000.ckpt
[checkpoint] saved: /orcd/pool/007/pablomer/checkpoints_new/contrastive-random-avg/last.ckpt
[checkpoint] saved: /orcd/pool/007/pablomer/checkpoints_new/contrastive-random-avg/best-epoch=09-step=14000.ckpt
[checkpoint] saved: /orcd/pool/007/pablomer/checkpoints_new/contrastive-random-avg/latest-step=14500.ckpt
[checkpoint] saved: /orcd/pool/007/pablomer/checkpoints_new/contrastive-random-avg/last.ckpt
[checkpoint] saved: /orcd/pool/007/pablomer/checkpoints_new/contrastive-random-avg/latest-step=15000.ckpt
[checkpoint] saved: /orcd/pool/007/pablomer/checkpoints_new/contrastive-random-avg/last.ckpt
[checkpoint] saved: /orcd/pool/007/pablomer/checkpoints_new/contrastive-random-avg/latest-step=15500.ckpt
[checkpoint] saved: /orcd/pool/007/pablomer/checkpoints_new/contrastive-random-avg/last.ckpt
[checkpoint] saved: /orcd/pool/007/pablomer/checkpoints_new/contrastive-random-avg/latest-step=16000.ckpt
[checkpoint] saved: /orcd/pool/007/pablomer/checkpoints_new/contrastive-random-avg/last.ckpt
[checkpoint] saved: /orcd/pool/007/pablomer/checkpoints_new/contrastive-random-avg/best-epoch=10-step=16000.ckpt
[checkpoint] saved: /orcd/pool/007/pablomer/checkpoints_new/contrastive-random-avg/latest-step=16500.ckpt
[checkpoint] saved: /orcd/pool/007/pablomer/checkpoints_new/contrastive-random-avg/last.ckpt
[checkpoint] saved: /orcd/pool/007/pablomer/checkpoints_new/contrastive-random-avg/latest-step=17000.ckpt
[checkpoint] saved: /orcd/pool/007/pablomer/checkpoints_new/contrastive-random-avg/last.ckpt
[checkpoint] saved: /orcd/pool/007/pablomer/checkpoints_new/contrastive-random-avg/best-epoch=11-step=17000.ckpt
[checkpoint] saved: /orcd/pool/007/pablomer/checkpoints_new/contrastive-random-avg/latest-step=17500.ckpt
[checkpoint] saved: /orcd/pool/007/pablomer/checkpoints_new/contrastive-random-avg/last.ckpt
[checkpoint] saved: /orcd/pool/007/pablomer/checkpoints_new/contrastive-random-avg/latest-step=18000.ckpt
[checkpoint] saved: /orcd/pool/007/pablomer/checkpoints_new/contrastive-random-avg/last.ckpt
[checkpoint] saved: /orcd/pool/007/pablomer/checkpoints_new/contrastive-random-avg/best-epoch=11-step=18000.ckpt
[checkpoint] saved: /orcd/pool/007/pablomer/checkpoints_new/contrastive-random-avg/latest-step=18500.ckpt
[checkpoint] saved: /orcd/pool/007/pablomer/checkpoints_new/contrastive-random-avg/last.ckpt
[checkpoint] saved: /orcd/pool/007/pablomer/checkpoints_new/contrastive-random-avg/latest-step=19000.ckpt
[checkpoint] saved: /orcd/pool/007/pablomer/checkpoints_new/contrastive-random-avg/last.ckpt
[checkpoint] saved: /orcd/pool/007/pablomer/checkpoints_new/contrastive-random-avg/best-epoch=12-step=19000.ckpt
[checkpoint] saved: /orcd/pool/007/pablomer/checkpoints_new/contrastive-random-avg/latest-step=19500.ckpt
[checkpoint] saved: /orcd/pool/007/pablomer/checkpoints_new/contrastive-random-avg/last.ckpt
[checkpoint] saved: /orcd/pool/007/pablomer/checkpoints_new/contrastive-random-avg/latest-step=20000.ckpt
[checkpoint] saved: /orcd/pool/007/pablomer/checkpoints_new/contrastive-random-avg/last.ckpt
[checkpoint] saved: /orcd/pool/007/pablomer/checkpoints_new/contrastive-random-avg/latest-step=20500.ckpt
[checkpoint] saved: /orcd/pool/007/pablomer/checkpoints_new/contrastive-random-avg/last.ckpt
[checkpoint] saved: /orcd/pool/007/pablomer/checkpoints_new/contrastive-random-avg/latest-step=21000.ckpt
[checkpoint] saved: /orcd/pool/007/pablomer/checkpoints_new/contrastive-random-avg/last.ckpt
[checkpoint] saved: /orcd/pool/007/pablomer/checkpoints_new/contrastive-random-avg/best-epoch=13-step=21000.ckpt
[checkpoint] saved: /orcd/pool/007/pablomer/checkpoints_new/contrastive-random-avg/latest-step=21500.ckpt
[checkpoint] saved: /orcd/pool/007/pablomer/checkpoints_new/contrastive-random-avg/last.ckpt
[checkpoint] saved: /orcd/pool/007/pablomer/checkpoints_new/contrastive-random-avg/latest-step=22000.ckpt
[checkpoint] saved: /orcd/pool/007/pablomer/checkpoints_new/contrastive-random-avg/last.ckpt
[checkpoint] saved: /orcd/pool/007/pablomer/checkpoints_new/contrastive-random-avg/latest-step=22500.ckpt
[checkpoint] saved: /orcd/pool/007/pablomer/checkpoints_new/contrastive-random-avg/last.ckpt
[checkpoint] saved: /orcd/pool/007/pablomer/checkpoints_new/contrastive-random-avg/latest-step=23000.ckpt
[checkpoint] saved: /orcd/pool/007/pablomer/checkpoints_new/contrastive-random-avg/last.ckpt
[checkpoint] saved: /orcd/pool/007/pablomer/checkpoints_new/contrastive-random-avg/best-epoch=14-step=23000.ckpt
[checkpoint] saved: /orcd/pool/007/pablomer/checkpoints_new/contrastive-random-avg/latest-step=23500.ckpt
[checkpoint] saved: /orcd/pool/007/pablomer/checkpoints_new/contrastive-random-avg/last.ckpt
[checkpoint] saved: /orcd/pool/007/pablomer/checkpoints_new/contrastive-random-avg/latest-step=24000.ckpt
[checkpoint] saved: /orcd/pool/007/pablomer/checkpoints_new/contrastive-random-avg/last.ckpt
[checkpoint] saved: /orcd/pool/007/pablomer/checkpoints_new/contrastive-random-avg/latest-step=24500.ckpt
[checkpoint] saved: /orcd/pool/007/pablomer/checkpoints_new/contrastive-random-avg/last.ckpt
[checkpoint] saved: /orcd/pool/007/pablomer/checkpoints_new/contrastive-random-avg/latest-step=25000.ckpt
[checkpoint] saved: /orcd/pool/007/pablomer/checkpoints_new/contrastive-random-avg/last.ckpt
[checkpoint] saved: /orcd/pool/007/pablomer/checkpoints_new/contrastive-random-avg/latest-step=25500.ckpt
[checkpoint] saved: /orcd/pool/007/pablomer/checkpoints_new/contrastive-random-avg/last.ckpt
[checkpoint] saved: /orcd/pool/007/pablomer/checkpoints_new/contrastive-random-avg/latest-step=26000.ckpt
[checkpoint] saved: /orcd/pool/007/pablomer/checkpoints_new/contrastive-random-avg/last.ckpt
[checkpoint] saved: /orcd/pool/007/pablomer/checkpoints_new/contrastive-random-avg/best-epoch=16-step=26000.ckpt
[checkpoint] saved: /orcd/pool/007/pablomer/checkpoints_new/contrastive-random-avg/latest-step=26500.ckpt
[checkpoint] saved: /orcd/pool/007/pablomer/checkpoints_new/contrastive-random-avg/last.ckpt
[checkpoint] saved: /orcd/pool/007/pablomer/checkpoints_new/contrastive-random-avg/latest-step=27000.ckpt
[checkpoint] saved: /orcd/pool/007/pablomer/checkpoints_new/contrastive-random-avg/last.ckpt
[checkpoint] saved: /orcd/pool/007/pablomer/checkpoints_new/contrastive-random-avg/best-epoch=17-step=27000.ckpt
[checkpoint] saved: /orcd/pool/007/pablomer/checkpoints_new/contrastive-random-avg/latest-step=27500.ckpt
[checkpoint] saved: /orcd/pool/007/pablomer/checkpoints_new/contrastive-random-avg/last.ckpt
[checkpoint] saved: /orcd/pool/007/pablomer/checkpoints_new/contrastive-random-avg/latest-step=28000.ckpt
[checkpoint] saved: /orcd/pool/007/pablomer/checkpoints_new/contrastive-random-avg/last.ckpt
[checkpoint] saved: /orcd/pool/007/pablomer/checkpoints_new/contrastive-random-avg/best-epoch=18-step=28000.ckpt
[checkpoint] saved: /orcd/pool/007/pablomer/checkpoints_new/contrastive-random-avg/latest-step=28500.ckpt
[checkpoint] saved: /orcd/pool/007/pablomer/checkpoints_new/contrastive-random-avg/last.ckpt
[checkpoint] saved: /orcd/pool/007/pablomer/checkpoints_new/contrastive-random-avg/latest-step=29000.ckpt
[checkpoint] saved: /orcd/pool/007/pablomer/checkpoints_new/contrastive-random-avg/last.ckpt
[checkpoint] saved: /orcd/pool/007/pablomer/checkpoints_new/contrastive-random-avg/best-epoch=18-step=29000.ckpt
[checkpoint] saved: /orcd/pool/007/pablomer/checkpoints_new/contrastive-random-avg/latest-step=29500.ckpt
[checkpoint] saved: /orcd/pool/007/pablomer/checkpoints_new/contrastive-random-avg/last.ckpt
[checkpoint] saved: /orcd/pool/007/pablomer/checkpoints_new/contrastive-random-avg/latest-step=30000.ckpt
[checkpoint] saved: /orcd/pool/007/pablomer/checkpoints_new/contrastive-random-avg/last.ckpt
[checkpoint] saved: /orcd/pool/007/pablomer/checkpoints_new/contrastive-random-avg/latest-step=30500.ckpt
[checkpoint] saved: /orcd/pool/007/pablomer/checkpoints_new/contrastive-random-avg/last.ckpt
[checkpoint] saved: /orcd/pool/007/pablomer/checkpoints_new/contrastive-random-avg/latest-step=31000.ckpt
[checkpoint] saved: /orcd/pool/007/pablomer/checkpoints_new/contrastive-random-avg/last.ckpt
[checkpoint] saved: /orcd/pool/007/pablomer/checkpoints_new/contrastive-random-avg/latest-step=31500.ckpt
[checkpoint] saved: /orcd/pool/007/pablomer/checkpoints_new/contrastive-random-avg/last.ckpt
[checkpoint] saved: /orcd/pool/007/pablomer/checkpoints_new/contrastive-random-avg/latest-step=32000.ckpt
[checkpoint] saved: /orcd/pool/007/pablomer/checkpoints_new/contrastive-random-avg/last.ckpt
[checkpoint] saved: /orcd/pool/007/pablomer/checkpoints_new/contrastive-random-avg/best-epoch=20-step=32000.ckpt
[checkpoint] saved: /orcd/pool/007/pablomer/checkpoints_new/contrastive-random-avg/latest-step=32500.ckpt
[checkpoint] saved: /orcd/pool/007/pablomer/checkpoints_new/contrastive-random-avg/last.ckpt
[checkpoint] saved: /orcd/pool/007/pablomer/checkpoints_new/contrastive-random-avg/latest-step=33000.ckpt
[checkpoint] saved: /orcd/pool/007/pablomer/checkpoints_new/contrastive-random-avg/last.ckpt
[checkpoint] saved: /orcd/pool/007/pablomer/checkpoints_new/contrastive-random-avg/latest-step=33500.ckpt
[checkpoint] saved: /orcd/pool/007/pablomer/checkpoints_new/contrastive-random-avg/last.ckpt
[checkpoint] saved: /orcd/pool/007/pablomer/checkpoints_new/contrastive-random-avg/latest-step=34000.ckpt
[checkpoint] saved: /orcd/pool/007/pablomer/checkpoints_new/contrastive-random-avg/last.ckpt
[checkpoint] saved: /orcd/pool/007/pablomer/checkpoints_new/contrastive-random-avg/latest-step=34500.ckpt
[checkpoint] saved: /orcd/pool/007/pablomer/checkpoints_new/contrastive-random-avg/last.ckpt
[checkpoint] saved: /orcd/pool/007/pablomer/checkpoints_new/contrastive-random-avg/latest-step=35000.ckpt
[checkpoint] saved: /orcd/pool/007/pablomer/checkpoints_new/contrastive-random-avg/last.ckpt
[checkpoint] saved: /orcd/pool/007/pablomer/checkpoints_new/contrastive-random-avg/latest-step=35500.ckpt
[checkpoint] saved: /orcd/pool/007/pablomer/checkpoints_new/contrastive-random-avg/last.ckpt
[checkpoint] saved: /orcd/pool/007/pablomer/checkpoints_new/contrastive-random-avg/latest-step=36000.ckpt
[checkpoint] saved: /orcd/pool/007/pablomer/checkpoints_new/contrastive-random-avg/last.ckpt
[checkpoint] saved: /orcd/pool/007/pablomer/checkpoints_new/contrastive-random-avg/latest-step=36500.ckpt
[checkpoint] saved: /orcd/pool/007/pablomer/checkpoints_new/contrastive-random-avg/last.ckpt
[checkpoint] saved: /orcd/pool/007/pablomer/checkpoints_new/contrastive-random-avg/latest-step=37000.ckpt
[checkpoint] saved: /orcd/pool/007/pablomer/checkpoints_new/contrastive-random-avg/last.ckpt
[checkpoint] saved: /orcd/pool/007/pablomer/checkpoints_new/contrastive-random-avg/best-epoch=24-step=37000.ckpt
[checkpoint] saved: /orcd/pool/007/pablomer/checkpoints_new/contrastive-random-avg/latest-step=37500.ckpt
[checkpoint] saved: /orcd/pool/007/pablomer/checkpoints_new/contrastive-random-avg/last.ckpt
[checkpoint] saved: /orcd/pool/007/pablomer/checkpoints_new/contrastive-random-avg/latest-step=38000.ckpt
[checkpoint] saved: /orcd/pool/007/pablomer/checkpoints_new/contrastive-random-avg/last.ckpt
[checkpoint] saved: /orcd/pool/007/pablomer/checkpoints_new/contrastive-random-avg/latest-step=38500.ckpt
[checkpoint] saved: /orcd/pool/007/pablomer/checkpoints_new/contrastive-random-avg/last.ckpt
[checkpoint] saved: /orcd/pool/007/pablomer/checkpoints_new/contrastive-random-avg/latest-step=39000.ckpt
[checkpoint] saved: /orcd/pool/007/pablomer/checkpoints_new/contrastive-random-avg/last.ckpt
[checkpoint] saved: /orcd/pool/007/pablomer/checkpoints_new/contrastive-random-avg/latest-step=39500.ckpt
[checkpoint] saved: /orcd/pool/007/pablomer/checkpoints_new/contrastive-random-avg/last.ckpt
[checkpoint] saved: /orcd/pool/007/pablomer/checkpoints_new/contrastive-random-avg/latest-step=40000.ckpt
[checkpoint] saved: /orcd/pool/007/pablomer/checkpoints_new/contrastive-random-avg/last.ckpt
[checkpoint] saved: /orcd/pool/007/pablomer/checkpoints_new/contrastive-random-avg/latest-step=40500.ckpt
[checkpoint] saved: /orcd/pool/007/pablomer/checkpoints_new/contrastive-random-avg/last.ckpt
[checkpoint] saved: /orcd/pool/007/pablomer/checkpoints_new/contrastive-random-avg/latest-step=41000.ckpt
[checkpoint] saved: /orcd/pool/007/pablomer/checkpoints_new/contrastive-random-avg/last.ckpt
[checkpoint] saved: /orcd/pool/007/pablomer/checkpoints_new/contrastive-random-avg/latest-step=41500.ckpt
[checkpoint] saved: /orcd/pool/007/pablomer/checkpoints_new/contrastive-random-avg/last.ckpt
[checkpoint] saved: /orcd/pool/007/pablomer/checkpoints_new/contrastive-random-avg/latest-step=42000.ckpt
[checkpoint] saved: /orcd/pool/007/pablomer/checkpoints_new/contrastive-random-avg/last.ckpt
[checkpoint] saved: /orcd/pool/007/pablomer/checkpoints_new/contrastive-random-avg/best-epoch=27-step=42000.ckpt
[checkpoint] saved: /orcd/pool/007/pablomer/checkpoints_new/contrastive-random-avg/latest-step=42500.ckpt
[checkpoint] saved: /orcd/pool/007/pablomer/checkpoints_new/contrastive-random-avg/last.ckpt
[checkpoint] saved: /orcd/pool/007/pablomer/checkpoints_new/contrastive-random-avg/latest-step=43000.ckpt
[checkpoint] saved: /orcd/pool/007/pablomer/checkpoints_new/contrastive-random-avg/last.ckpt
[checkpoint] saved: /orcd/pool/007/pablomer/checkpoints_new/contrastive-random-avg/latest-step=43500.ckpt
[checkpoint] saved: /orcd/pool/007/pablomer/checkpoints_new/contrastive-random-avg/last.ckpt
[checkpoint] saved: /orcd/pool/007/pablomer/checkpoints_new/contrastive-random-avg/latest-step=44000.ckpt
[checkpoint] saved: /orcd/pool/007/pablomer/checkpoints_new/contrastive-random-avg/last.ckpt
[checkpoint] saved: /orcd/pool/007/pablomer/checkpoints_new/contrastive-random-avg/latest-step=44500.ckpt
[checkpoint] saved: /orcd/pool/007/pablomer/checkpoints_new/contrastive-random-avg/last.ckpt
[checkpoint] saved: /orcd/pool/007/pablomer/checkpoints_new/contrastive-random-avg/latest-step=45000.ckpt
[checkpoint] saved: /orcd/pool/007/pablomer/checkpoints_new/contrastive-random-avg/last.ckpt
[checkpoint] saved: /orcd/pool/007/pablomer/checkpoints_new/contrastive-random-avg/latest-step=45500.ckpt
[checkpoint] saved: /orcd/pool/007/pablomer/checkpoints_new/contrastive-random-avg/last.ckpt
[checkpoint] saved: /orcd/pool/007/pablomer/checkpoints_new/contrastive-random-avg/latest-step=46000.ckpt
[checkpoint] saved: /orcd/pool/007/pablomer/checkpoints_new/contrastive-random-avg/last.ckpt
[checkpoint] saved: /orcd/pool/007/pablomer/checkpoints_new/contrastive-random-avg/latest-step=46500.ckpt
[checkpoint] saved: /orcd/pool/007/pablomer/checkpoints_new/contrastive-random-avg/last.ckpt
[checkpoint] saved: /orcd/pool/007/pablomer/checkpoints_new/contrastive-random-avg/latest-step=47000.ckpt
[checkpoint] saved: /orcd/pool/007/pablomer/checkpoints_new/contrastive-random-avg/last.ckpt
[checkpoint] saved: /orcd/pool/007/pablomer/checkpoints_new/contrastive-random-avg/best-epoch=30-step=47000.ckpt
[checkpoint] saved: /orcd/pool/007/pablomer/checkpoints_new/contrastive-random-avg/latest-step=47500.ckpt
[checkpoint] saved: /orcd/pool/007/pablomer/checkpoints_new/contrastive-random-avg/last.ckpt
[checkpoint] saved: /orcd/pool/007/pablomer/checkpoints_new/contrastive-random-avg/latest-step=48000.ckpt
[checkpoint] saved: /orcd/pool/007/pablomer/checkpoints_new/contrastive-random-avg/last.ckpt
[checkpoint] saved: /orcd/pool/007/pablomer/checkpoints_new/contrastive-random-avg/latest-step=48500.ckpt
[checkpoint] saved: /orcd/pool/007/pablomer/checkpoints_new/contrastive-random-avg/last.ckpt
[checkpoint] saved: /orcd/pool/007/pablomer/checkpoints_new/contrastive-random-avg/latest-step=49000.ckpt
[checkpoint] saved: /orcd/pool/007/pablomer/checkpoints_new/contrastive-random-avg/last.ckpt
[checkpoint] saved: /orcd/pool/007/pablomer/checkpoints_new/contrastive-random-avg/latest-step=49500.ckpt
[checkpoint] saved: /orcd/pool/007/pablomer/checkpoints_new/contrastive-random-avg/last.ckpt
[checkpoint] saved: /orcd/pool/007/pablomer/checkpoints_new/contrastive-random-avg/latest-step=50000.ckpt
[checkpoint] saved: /orcd/pool/007/pablomer/checkpoints_new/contrastive-random-avg/last.ckpt
[checkpoint] saved: /orcd/pool/007/pablomer/checkpoints_new/contrastive-random-avg/latest-step=50500.ckpt
[checkpoint] saved: /orcd/pool/007/pablomer/checkpoints_new/contrastive-random-avg/last.ckpt
[checkpoint] saved: /orcd/pool/007/pablomer/checkpoints_new/contrastive-random-avg/latest-step=51000.ckpt
[checkpoint] saved: /orcd/pool/007/pablomer/checkpoints_new/contrastive-random-avg/last.ckpt
[checkpoint] saved: /orcd/pool/007/pablomer/checkpoints_new/contrastive-random-avg/latest-step=51500.ckpt
[checkpoint] saved: /orcd/pool/007/pablomer/checkpoints_new/contrastive-random-avg/last.ckpt
[checkpoint] saved: /orcd/pool/007/pablomer/checkpoints_new/contrastive-random-avg/latest-step=52000.ckpt
[checkpoint] saved: /orcd/pool/007/pablomer/checkpoints_new/contrastive-random-avg/last.ckpt
[checkpoint] saved: /orcd/pool/007/pablomer/checkpoints_new/contrastive-random-avg/latest-step=52500.ckpt
[checkpoint] saved: /orcd/pool/007/pablomer/checkpoints_new/contrastive-random-avg/last.ckpt
[checkpoint] saved: /orcd/pool/007/pablomer/checkpoints_new/contrastive-random-avg/latest-step=53000.ckpt
[checkpoint] saved: /orcd/pool/007/pablomer/checkpoints_new/contrastive-random-avg/last.ckpt
[checkpoint] saved: /orcd/pool/007/pablomer/checkpoints_new/contrastive-random-avg/best-epoch=34-step=53000.ckpt
[checkpoint] saved: /orcd/pool/007/pablomer/checkpoints_new/contrastive-random-avg/latest-step=53500.ckpt
[checkpoint] saved: /orcd/pool/007/pablomer/checkpoints_new/contrastive-random-avg/last.ckpt
[checkpoint] saved: /orcd/pool/007/pablomer/checkpoints_new/contrastive-random-avg/latest-step=54000.ckpt
[checkpoint] saved: /orcd/pool/007/pablomer/checkpoints_new/contrastive-random-avg/last.ckpt
[checkpoint] saved: /orcd/pool/007/pablomer/checkpoints_new/contrastive-random-avg/best-epoch=35-step=54000.ckpt
[checkpoint] saved: /orcd/pool/007/pablomer/checkpoints_new/contrastive-random-avg/latest-step=54500.ckpt
[checkpoint] saved: /orcd/pool/007/pablomer/checkpoints_new/contrastive-random-avg/last.ckpt
[checkpoint] saved: /orcd/pool/007/pablomer/checkpoints_new/contrastive-random-avg/latest-step=55000.ckpt
[checkpoint] saved: /orcd/pool/007/pablomer/checkpoints_new/contrastive-random-avg/last.ckpt
[checkpoint] saved: /orcd/pool/007/pablomer/checkpoints_new/contrastive-random-avg/best-epoch=35-step=55000.ckpt
[checkpoint] saved: /orcd/pool/007/pablomer/checkpoints_new/contrastive-random-avg/latest-step=55500.ckpt
[checkpoint] saved: /orcd/pool/007/pablomer/checkpoints_new/contrastive-random-avg/last.ckpt
[checkpoint] saved: /orcd/pool/007/pablomer/checkpoints_new/contrastive-random-avg/latest-step=56000.ckpt
[checkpoint] saved: /orcd/pool/007/pablomer/checkpoints_new/contrastive-random-avg/last.ckpt
[checkpoint] saved: /orcd/pool/007/pablomer/checkpoints_new/contrastive-random-avg/latest-step=56500.ckpt
[checkpoint] saved: /orcd/pool/007/pablomer/checkpoints_new/contrastive-random-avg/last.ckpt
[checkpoint] saved: /orcd/pool/007/pablomer/checkpoints_new/contrastive-random-avg/latest-step=57000.ckpt
[checkpoint] saved: /orcd/pool/007/pablomer/checkpoints_new/contrastive-random-avg/last.ckpt
[checkpoint] saved: /orcd/pool/007/pablomer/checkpoints_new/contrastive-random-avg/latest-step=57500.ckpt
[checkpoint] saved: /orcd/pool/007/pablomer/checkpoints_new/contrastive-random-avg/last.ckpt
[checkpoint] saved: /orcd/pool/007/pablomer/checkpoints_new/contrastive-random-avg/latest-step=58000.ckpt
[checkpoint] saved: /orcd/pool/007/pablomer/checkpoints_new/contrastive-random-avg/last.ckpt
[checkpoint] saved: /orcd/pool/007/pablomer/checkpoints_new/contrastive-random-avg/latest-step=58500.ckpt
[checkpoint] saved: /orcd/pool/007/pablomer/checkpoints_new/contrastive-random-avg/last.ckpt
[checkpoint] saved: /orcd/pool/007/pablomer/checkpoints_new/contrastive-random-avg/latest-step=59000.ckpt
[checkpoint] saved: /orcd/pool/007/pablomer/checkpoints_new/contrastive-random-avg/last.ckpt
[checkpoint] saved: /orcd/pool/007/pablomer/checkpoints_new/contrastive-random-avg/latest-step=59500.ckpt
[checkpoint] saved: /orcd/pool/007/pablomer/checkpoints_new/contrastive-random-avg/last.ckpt
[checkpoint] saved: /orcd/pool/007/pablomer/checkpoints_new/contrastive-random-avg/latest-step=60000.ckpt
[checkpoint] saved: /orcd/pool/007/pablomer/checkpoints_new/contrastive-random-avg/last.ckpt
[checkpoint] saved: /orcd/pool/007/pablomer/checkpoints_new/contrastive-random-avg/best-epoch=38-step=60000.ckpt
[checkpoint] saved: /orcd/pool/007/pablomer/checkpoints_new/contrastive-random-avg/latest-step=60500.ckpt
[checkpoint] saved: /orcd/pool/007/pablomer/checkpoints_new/contrastive-random-avg/last.ckpt
[checkpoint] saved: /orcd/pool/007/pablomer/checkpoints_new/contrastive-random-avg/latest-step=61000.ckpt
[checkpoint] saved: /orcd/pool/007/pablomer/checkpoints_new/contrastive-random-avg/last.ckpt
[checkpoint] saved: /orcd/pool/007/pablomer/checkpoints_new/contrastive-random-avg/best-epoch=39-step=61000.ckpt
[checkpoint] saved: /orcd/pool/007/pablomer/checkpoints_new/contrastive-random-avg/latest-step=61500.ckpt
[checkpoint] saved: /orcd/pool/007/pablomer/checkpoints_new/contrastive-random-avg/last.ckpt
[checkpoint] saved: /orcd/pool/007/pablomer/checkpoints_new/contrastive-random-avg/latest-step=62000.ckpt
[checkpoint] saved: /orcd/pool/007/pablomer/checkpoints_new/contrastive-random-avg/last.ckpt
[checkpoint] saved: /orcd/pool/007/pablomer/checkpoints_new/contrastive-random-avg/latest-step=62500.ckpt
[checkpoint] saved: /orcd/pool/007/pablomer/checkpoints_new/contrastive-random-avg/last.ckpt
[checkpoint] saved: /orcd/pool/007/pablomer/checkpoints_new/contrastive-random-avg/latest-step=63000.ckpt
[checkpoint] saved: /orcd/pool/007/pablomer/checkpoints_new/contrastive-random-avg/last.ckpt
[checkpoint] saved: /orcd/pool/007/pablomer/checkpoints_new/contrastive-random-avg/latest-step=63500.ckpt
[checkpoint] saved: /orcd/pool/007/pablomer/checkpoints_new/contrastive-random-avg/last.ckpt
[checkpoint] saved: /orcd/pool/007/pablomer/checkpoints_new/contrastive-random-avg/latest-step=64000.ckpt
[checkpoint] saved: /orcd/pool/007/pablomer/checkpoints_new/contrastive-random-avg/last.ckpt
[checkpoint] saved: /orcd/pool/007/pablomer/checkpoints_new/contrastive-random-avg/latest-step=64500.ckpt
[checkpoint] saved: /orcd/pool/007/pablomer/checkpoints_new/contrastive-random-avg/last.ckpt
[checkpoint] saved: /orcd/pool/007/pablomer/checkpoints_new/contrastive-random-avg/latest-step=65000.ckpt
[checkpoint] saved: /orcd/pool/007/pablomer/checkpoints_new/contrastive-random-avg/last.ckpt
[checkpoint] saved: /orcd/pool/007/pablomer/checkpoints_new/contrastive-random-avg/latest-step=65500.ckpt
[checkpoint] saved: /orcd/pool/007/pablomer/checkpoints_new/contrastive-random-avg/last.ckpt
[checkpoint] saved: /orcd/pool/007/pablomer/checkpoints_new/contrastive-random-avg/latest-step=66000.ckpt
[checkpoint] saved: /orcd/pool/007/pablomer/checkpoints_new/contrastive-random-avg/last.ckpt
[checkpoint] saved: /orcd/pool/007/pablomer/checkpoints_new/contrastive-random-avg/best-epoch=42-step=66000.ckpt
[checkpoint] saved: /orcd/pool/007/pablomer/checkpoints_new/contrastive-random-avg/latest-step=66500.ckpt
[checkpoint] saved: /orcd/pool/007/pablomer/checkpoints_new/contrastive-random-avg/last.ckpt
[checkpoint] saved: /orcd/pool/007/pablomer/checkpoints_new/contrastive-random-avg/latest-step=67000.ckpt
[checkpoint] saved: /orcd/pool/007/pablomer/checkpoints_new/contrastive-random-avg/last.ckpt
[checkpoint] saved: /orcd/pool/007/pablomer/checkpoints_new/contrastive-random-avg/latest-step=67500.ckpt
[checkpoint] saved: /orcd/pool/007/pablomer/checkpoints_new/contrastive-random-avg/last.ckpt
[checkpoint] saved: /orcd/pool/007/pablomer/checkpoints_new/contrastive-random-avg/latest-step=68000.ckpt
[checkpoint] saved: /orcd/pool/007/pablomer/checkpoints_new/contrastive-random-avg/last.ckpt
[checkpoint] saved: /orcd/pool/007/pablomer/checkpoints_new/contrastive-random-avg/latest-step=68500.ckpt
[checkpoint] saved: /orcd/pool/007/pablomer/checkpoints_new/contrastive-random-avg/last.ckpt
[checkpoint] saved: /orcd/pool/007/pablomer/checkpoints_new/contrastive-random-avg/latest-step=69000.ckpt
[checkpoint] saved: /orcd/pool/007/pablomer/checkpoints_new/contrastive-random-avg/last.ckpt
[checkpoint] saved: /orcd/pool/007/pablomer/checkpoints_new/contrastive-random-avg/best-epoch=44-step=69000.ckpt
[checkpoint] saved: /orcd/pool/007/pablomer/checkpoints_new/contrastive-random-avg/latest-step=69500.ckpt
[checkpoint] saved: /orcd/pool/007/pablomer/checkpoints_new/contrastive-random-avg/last.ckpt
[checkpoint] saved: /orcd/pool/007/pablomer/checkpoints_new/contrastive-random-avg/latest-step=70000.ckpt
[checkpoint] saved: /orcd/pool/007/pablomer/checkpoints_new/contrastive-random-avg/last.ckpt
[checkpoint] saved: /orcd/pool/007/pablomer/checkpoints_new/contrastive-random-avg/latest-step=70500.ckpt
[checkpoint] saved: /orcd/pool/007/pablomer/checkpoints_new/contrastive-random-avg/last.ckpt
[checkpoint] saved: /orcd/pool/007/pablomer/checkpoints_new/contrastive-random-avg/latest-step=71000.ckpt
[checkpoint] saved: /orcd/pool/007/pablomer/checkpoints_new/contrastive-random-avg/last.ckpt
[checkpoint] saved: /orcd/pool/007/pablomer/checkpoints_new/contrastive-random-avg/best-epoch=46-step=71000.ckpt
[checkpoint] saved: /orcd/pool/007/pablomer/checkpoints_new/contrastive-random-avg/latest-step=71500.ckpt
[checkpoint] saved: /orcd/pool/007/pablomer/checkpoints_new/contrastive-random-avg/last.ckpt
[checkpoint] saved: /orcd/pool/007/pablomer/checkpoints_new/contrastive-random-avg/latest-step=72000.ckpt
[checkpoint] saved: /orcd/pool/007/pablomer/checkpoints_new/contrastive-random-avg/last.ckpt
[checkpoint] saved: /orcd/pool/007/pablomer/checkpoints_new/contrastive-random-avg/latest-step=72500.ckpt
[checkpoint] saved: /orcd/pool/007/pablomer/checkpoints_new/contrastive-random-avg/last.ckpt
[checkpoint] saved: /orcd/pool/007/pablomer/checkpoints_new/contrastive-random-avg/latest-step=73000.ckpt
[checkpoint] saved: /orcd/pool/007/pablomer/checkpoints_new/contrastive-random-avg/last.ckpt
[checkpoint] saved: /orcd/pool/007/pablomer/checkpoints_new/contrastive-random-avg/latest-step=73500.ckpt
[checkpoint] saved: /orcd/pool/007/pablomer/checkpoints_new/contrastive-random-avg/last.ckpt
[checkpoint] saved: /orcd/pool/007/pablomer/checkpoints_new/contrastive-random-avg/latest-step=74000.ckpt
[checkpoint] saved: /orcd/pool/007/pablomer/checkpoints_new/contrastive-random-avg/last.ckpt
[checkpoint] saved: /orcd/pool/007/pablomer/checkpoints_new/contrastive-random-avg/latest-step=74500.ckpt
[checkpoint] saved: /orcd/pool/007/pablomer/checkpoints_new/contrastive-random-avg/last.ckpt
[checkpoint] saved: /orcd/pool/007/pablomer/checkpoints_new/contrastive-random-avg/latest-step=75000.ckpt
[checkpoint] saved: /orcd/pool/007/pablomer/checkpoints_new/contrastive-random-avg/last.ckpt
[checkpoint] saved: /orcd/pool/007/pablomer/checkpoints_new/contrastive-random-avg/latest-step=75500.ckpt
[checkpoint] saved: /orcd/pool/007/pablomer/checkpoints_new/contrastive-random-avg/last.ckpt
[checkpoint] saved: /orcd/pool/007/pablomer/checkpoints_new/contrastive-random-avg/latest-step=76000.ckpt
[checkpoint] saved: /orcd/pool/007/pablomer/checkpoints_new/contrastive-random-avg/last.ckpt
[checkpoint] saved: /orcd/pool/007/pablomer/checkpoints_new/contrastive-random-avg/best-epoch=49-step=76000.ckpt
[checkpoint] saved: /orcd/pool/007/pablomer/checkpoints_new/contrastive-random-avg/latest-step=76500.ckpt
[checkpoint] saved: /orcd/pool/007/pablomer/checkpoints_new/contrastive-random-avg/last.ckpt
[checkpoint] saved: /orcd/pool/007/pablomer/checkpoints_new/contrastive-random-avg/latest-step=77000.ckpt
[checkpoint] saved: /orcd/pool/007/pablomer/checkpoints_new/contrastive-random-avg/last.ckpt
[checkpoint] saved: /orcd/pool/007/pablomer/checkpoints_new/contrastive-random-avg/latest-step=77500.ckpt
[checkpoint] saved: /orcd/pool/007/pablomer/checkpoints_new/contrastive-random-avg/last.ckpt
[checkpoint] saved: /orcd/pool/007/pablomer/checkpoints_new/contrastive-random-avg/latest-step=78000.ckpt
[checkpoint] saved: /orcd/pool/007/pablomer/checkpoints_new/contrastive-random-avg/last.ckpt
[checkpoint] saved: /orcd/pool/007/pablomer/checkpoints_new/contrastive-random-avg/latest-step=78500.ckpt
[checkpoint] saved: /orcd/pool/007/pablomer/checkpoints_new/contrastive-random-avg/last.ckpt
[checkpoint] saved: /orcd/pool/007/pablomer/checkpoints_new/contrastive-random-avg/latest-step=79000.ckpt
[checkpoint] saved: /orcd/pool/007/pablomer/checkpoints_new/contrastive-random-avg/last.ckpt
[checkpoint] saved: /orcd/pool/007/pablomer/checkpoints_new/contrastive-random-avg/latest-step=79500.ckpt
[checkpoint] saved: /orcd/pool/007/pablomer/checkpoints_new/contrastive-random-avg/last.ckpt
[checkpoint] saved: /orcd/pool/007/pablomer/checkpoints_new/contrastive-random-avg/latest-step=80000.ckpt
[checkpoint] saved: /orcd/pool/007/pablomer/checkpoints_new/contrastive-random-avg/last.ckpt
[checkpoint] saved: /orcd/pool/007/pablomer/checkpoints_new/contrastive-random-avg/latest-step=80500.ckpt
[checkpoint] saved: /orcd/pool/007/pablomer/checkpoints_new/contrastive-random-avg/last.ckpt
[checkpoint] saved: /orcd/pool/007/pablomer/checkpoints_new/contrastive-random-avg/latest-step=81000.ckpt
[checkpoint] saved: /orcd/pool/007/pablomer/checkpoints_new/contrastive-random-avg/last.ckpt
[checkpoint] saved: /orcd/pool/007/pablomer/checkpoints_new/contrastive-random-avg/latest-step=81500.ckpt
[checkpoint] saved: /orcd/pool/007/pablomer/checkpoints_new/contrastive-random-avg/last.ckpt
[checkpoint] saved: /orcd/pool/007/pablomer/checkpoints_new/contrastive-random-avg/latest-step=82000.ckpt
[checkpoint] saved: /orcd/pool/007/pablomer/checkpoints_new/contrastive-random-avg/last.ckpt
[checkpoint] saved: /orcd/pool/007/pablomer/checkpoints_new/contrastive-random-avg/latest-step=82500.ckpt
[checkpoint] saved: /orcd/pool/007/pablomer/checkpoints_new/contrastive-random-avg/last.ckpt
[checkpoint] saved: /orcd/pool/007/pablomer/checkpoints_new/contrastive-random-avg/latest-step=83000.ckpt
[checkpoint] saved: /orcd/pool/007/pablomer/checkpoints_new/contrastive-random-avg/last.ckpt
[checkpoint] saved: /orcd/pool/007/pablomer/checkpoints_new/contrastive-random-avg/latest-step=83500.ckpt
[checkpoint] saved: /orcd/pool/007/pablomer/checkpoints_new/contrastive-random-avg/last.ckpt
[checkpoint] saved: /orcd/pool/007/pablomer/checkpoints_new/contrastive-random-avg/latest-step=84000.ckpt
[checkpoint] saved: /orcd/pool/007/pablomer/checkpoints_new/contrastive-random-avg/last.ckpt
[checkpoint] saved: /orcd/pool/007/pablomer/checkpoints_new/contrastive-random-avg/latest-step=84500.ckpt
[checkpoint] saved: /orcd/pool/007/pablomer/checkpoints_new/contrastive-random-avg/last.ckpt
[checkpoint] saved: /orcd/pool/007/pablomer/checkpoints_new/contrastive-random-avg/latest-step=85000.ckpt
[checkpoint] saved: /orcd/pool/007/pablomer/checkpoints_new/contrastive-random-avg/last.ckpt
[checkpoint] saved: /orcd/pool/007/pablomer/checkpoints_new/contrastive-random-avg/latest-step=85500.ckpt
[checkpoint] saved: /orcd/pool/007/pablomer/checkpoints_new/contrastive-random-avg/last.ckpt
[checkpoint] saved: /orcd/pool/007/pablomer/checkpoints_new/contrastive-random-avg/latest-step=86000.ckpt
[checkpoint] saved: /orcd/pool/007/pablomer/checkpoints_new/contrastive-random-avg/last.ckpt
[checkpoint] saved: /orcd/pool/007/pablomer/checkpoints_new/contrastive-random-avg/latest-step=86500.ckpt
[checkpoint] saved: /orcd/pool/007/pablomer/checkpoints_new/contrastive-random-avg/last.ckpt
[checkpoint] saved: /orcd/pool/007/pablomer/checkpoints_new/contrastive-random-avg/latest-step=87000.ckpt
[checkpoint] saved: /orcd/pool/007/pablomer/checkpoints_new/contrastive-random-avg/last.ckpt
[checkpoint] saved: /orcd/pool/007/pablomer/checkpoints_new/contrastive-random-avg/latest-step=87500.ckpt
[checkpoint] saved: /orcd/pool/007/pablomer/checkpoints_new/contrastive-random-avg/last.ckpt
[checkpoint] saved: /orcd/pool/007/pablomer/checkpoints_new/contrastive-random-avg/latest-step=88000.ckpt
[checkpoint] saved: /orcd/pool/007/pablomer/checkpoints_new/contrastive-random-avg/last.ckpt
[checkpoint] saved: /orcd/pool/007/pablomer/checkpoints_new/contrastive-random-avg/best-epoch=57-step=88000.ckpt
[checkpoint] saved: /orcd/pool/007/pablomer/checkpoints_new/contrastive-random-avg/latest-step=88500.ckpt
[checkpoint] saved: /orcd/pool/007/pablomer/checkpoints_new/contrastive-random-avg/last.ckpt
[checkpoint] saved: /orcd/pool/007/pablomer/checkpoints_new/contrastive-random-avg/latest-step=89000.ckpt
[checkpoint] saved: /orcd/pool/007/pablomer/checkpoints_new/contrastive-random-avg/last.ckpt
[checkpoint] saved: /orcd/pool/007/pablomer/checkpoints_new/contrastive-random-avg/latest-step=89500.ckpt
[checkpoint] saved: /orcd/pool/007/pablomer/checkpoints_new/contrastive-random-avg/last.ckpt
[checkpoint] saved: /orcd/pool/007/pablomer/checkpoints_new/contrastive-random-avg/latest-step=90000.ckpt
[checkpoint] saved: /orcd/pool/007/pablomer/checkpoints_new/contrastive-random-avg/last.ckpt
[checkpoint] saved: /orcd/pool/007/pablomer/checkpoints_new/contrastive-random-avg/latest-step=90500.ckpt
[checkpoint] saved: /orcd/pool/007/pablomer/checkpoints_new/contrastive-random-avg/last.ckpt
[checkpoint] saved: /orcd/pool/007/pablomer/checkpoints_new/contrastive-random-avg/latest-step=91000.ckpt
[checkpoint] saved: /orcd/pool/007/pablomer/checkpoints_new/contrastive-random-avg/last.ckpt
[checkpoint] saved: /orcd/pool/007/pablomer/checkpoints_new/contrastive-random-avg/latest-step=91500.ckpt
[checkpoint] saved: /orcd/pool/007/pablomer/checkpoints_new/contrastive-random-avg/last.ckpt
[checkpoint] saved: /orcd/pool/007/pablomer/checkpoints_new/contrastive-random-avg/latest-step=92000.ckpt
[checkpoint] saved: /orcd/pool/007/pablomer/checkpoints_new/contrastive-random-avg/last.ckpt
[checkpoint] saved: /orcd/pool/007/pablomer/checkpoints_new/contrastive-random-avg/latest-step=92500.ckpt
[checkpoint] saved: /orcd/pool/007/pablomer/checkpoints_new/contrastive-random-avg/last.ckpt
[checkpoint] saved: /orcd/pool/007/pablomer/checkpoints_new/contrastive-random-avg/latest-step=93000.ckpt
[checkpoint] saved: /orcd/pool/007/pablomer/checkpoints_new/contrastive-random-avg/last.ckpt
[checkpoint] saved: /orcd/pool/007/pablomer/checkpoints_new/contrastive-random-avg/latest-step=93500.ckpt
[checkpoint] saved: /orcd/pool/007/pablomer/checkpoints_new/contrastive-random-avg/last.ckpt
[checkpoint] saved: /orcd/pool/007/pablomer/checkpoints_new/contrastive-random-avg/latest-step=94000.ckpt
[checkpoint] saved: /orcd/pool/007/pablomer/checkpoints_new/contrastive-random-avg/last.ckpt
[checkpoint] saved: /orcd/pool/007/pablomer/checkpoints_new/contrastive-random-avg/best-epoch=61-step=94000.ckpt
[checkpoint] saved: /orcd/pool/007/pablomer/checkpoints_new/contrastive-random-avg/latest-step=94500.ckpt
[checkpoint] saved: /orcd/pool/007/pablomer/checkpoints_new/contrastive-random-avg/last.ckpt
[checkpoint] saved: /orcd/pool/007/pablomer/checkpoints_new/contrastive-random-avg/latest-step=95000.ckpt
[checkpoint] saved: /orcd/pool/007/pablomer/checkpoints_new/contrastive-random-avg/last.ckpt
[checkpoint] saved: /orcd/pool/007/pablomer/checkpoints_new/contrastive-random-avg/best-epoch=61-step=95000.ckpt
[checkpoint] saved: /orcd/pool/007/pablomer/checkpoints_new/contrastive-random-avg/latest-step=95500.ckpt
[checkpoint] saved: /orcd/pool/007/pablomer/checkpoints_new/contrastive-random-avg/last.ckpt
[checkpoint] saved: /orcd/pool/007/pablomer/checkpoints_new/contrastive-random-avg/latest-step=96000.ckpt
[checkpoint] saved: /orcd/pool/007/pablomer/checkpoints_new/contrastive-random-avg/last.ckpt
[checkpoint] saved: /orcd/pool/007/pablomer/checkpoints_new/contrastive-random-avg/latest-step=96500.ckpt
[checkpoint] saved: /orcd/pool/007/pablomer/checkpoints_new/contrastive-random-avg/last.ckpt
[checkpoint] saved: /orcd/pool/007/pablomer/checkpoints_new/contrastive-random-avg/latest-step=97000.ckpt
[checkpoint] saved: /orcd/pool/007/pablomer/checkpoints_new/contrastive-random-avg/last.ckpt
[checkpoint] saved: /orcd/pool/007/pablomer/checkpoints_new/contrastive-random-avg/latest-step=97500.ckpt
[checkpoint] saved: /orcd/pool/007/pablomer/checkpoints_new/contrastive-random-avg/last.ckpt
[checkpoint] saved: /orcd/pool/007/pablomer/checkpoints_new/contrastive-random-avg/latest-step=98000.ckpt
[checkpoint] saved: /orcd/pool/007/pablomer/checkpoints_new/contrastive-random-avg/last.ckpt
[checkpoint] saved: /orcd/pool/007/pablomer/checkpoints_new/contrastive-random-avg/latest-step=98500.ckpt
[checkpoint] saved: /orcd/pool/007/pablomer/checkpoints_new/contrastive-random-avg/last.ckpt
[checkpoint] saved: /orcd/pool/007/pablomer/checkpoints_new/contrastive-random-avg/latest-step=99000.ckpt
[checkpoint] saved: /orcd/pool/007/pablomer/checkpoints_new/contrastive-random-avg/last.ckpt
[checkpoint] saved: /orcd/pool/007/pablomer/checkpoints_new/contrastive-random-avg/latest-step=99500.ckpt
[checkpoint] saved: /orcd/pool/007/pablomer/checkpoints_new/contrastive-random-avg/last.ckpt
[checkpoint] saved: /orcd/pool/007/pablomer/checkpoints_new/contrastive-random-avg/latest-step=100000.ckpt
[checkpoint] saved: /orcd/pool/007/pablomer/checkpoints_new/contrastive-random-avg/last.ckpt
Epoch 64/-2 ━━━━━━━━━━━━━━━ 1504/1504 0:00:41 •       42.97it/s v_num: xcaj     
                                      0:00:00                   train/loss_step:
                                                                3.487 val/loss: 
                                                                3.499           
                                                                train/loss_epoc…
                                                                3.493           
[done] reached 100000 steps; wrote DONE marker.
[1;34mwandb[0m: 
[1;34mwandb[0m: 🚀 View run [33mcontrastive-random-avg[0m at: [34mhttps://wandb.ai/tess-ml/galaxy-contrastive-engaging/runs/js4xxcaj[0m
Submitted batch job 17528180
