[rank: 0] Seed set to 42
/orcd/home/002/pablomer/miniforge3/envs/torchenv/lib/python3.11/site-packages/lightning_fabric/plugins/environments/slurm.py:204: The `srun` command is available on your system but is not used. HINT: If your intention is to run Lightning on SLURM, prepend your python command with `srun` like so: srun python /home/pablomer/orcd/pool/tess-generative/galaxy_imag ...
Using bfloat16 Automatic Mixed Precision (AMP)
GPU available: True (cuda), used: True
TPU available: False, using: 0 TPU cores
💡 Tip: For seamless cloud logging and experiment tracking, try installing [litlogger](https://pypi.org/project/litlogger/) to enable LitLogger, which logs metrics and artifacts automatically to the Lightning Experiments platform.
`Trainer(limit_train_batches=1.0)` was configured so 100% of the batches per epoch will be used..
`Trainer(limit_val_batches=1.0)` was configured so 100% of the batches will be used..
wandb: WARNING The anonymous setting has no effect and will be removed in a future version.
wandb: [wandb.login()] Loaded credentials for https://api.wandb.ai from /home/pablomer/.netrc.
wandb: Currently logged in as: pmercader (tess-ml) to https://api.wandb.ai. Use `wandb login --relogin` to force relogin
wandb: setting up run cm6qx78d
wandb: Tracking run with wandb version 0.26.1
wandb: Run data is saved locally in wandb/run-20260708_233304-cm6qx78d
wandb: Run `wandb offline` to turn off syncing.
wandb: Syncing run contrastive-spatial-conv1x1
wandb: ⭐️ View project at https://wandb.ai/tess-ml/galaxy-contrastive-engaging
wandb: 🚀 View run at https://wandb.ai/tess-ml/galaxy-contrastive-engaging/runs/cm6qx78d
/orcd/home/002/pablomer/miniforge3/envs/torchenv/lib/python3.11/site-packages/pytorch_lightning/callbacks/model_checkpoint.py:881: Checkpoint directory /orcd/pool/007/pablomer/checkpoints_new/contrastive-spatial-conv1x1 exists and is not empty.
LOCAL_RANK: 0 - CUDA_VISIBLE_DEVICES: [0]
/orcd/home/002/pablomer/miniforge3/envs/torchenv/lib/python3.11/site-packages/pytorch_lightning/utilities/model_summary/model_summary.py:242: Precision bf16-mixed is not supported by the model summary.  Estimated model size in MB will not be accurate. Using 32 bits instead.
/orcd/home/002/pablomer/miniforge3/envs/torchenv/lib/python3.11/site-packages/pytorch_lightning/utilities/data.py:79: Trying to infer the `batch_size` from an ambiguous collection. The batch size we found is 64. To avoid any miscalculations, use `self.log(..., batch_size=batch_size)`.
/orcd/home/002/pablomer/miniforge3/envs/torchenv/lib/python3.11/site-packages/pytorch_lightning/utilities/data.py:79: Trying to infer the `batch_size` from an ambiguous collection. The batch size we found is 3. To avoid any miscalculations, use `self.log(..., batch_size=batch_size)`.
`Trainer.fit` stopped: `max_steps=100000` reached.
