cross_predict: loading imports...
Device: cuda
Loading CrossPredictDataset...
  Loading targets for hsc_to_legacy...
    read legacy_PSFSIZE_G
    read legacy_PSFSIZE_I
    read legacy_PSFSIZE_R
    read legacy_PSFSIZE_Z
    read legacy_PSFDEPTH_G
    read legacy_PSFDEPTH_R
    read legacy_PSFDEPTH_I
    read legacy_PSFDEPTH_Z
    read legacy_GALDEPTH_G
    read legacy_GALDEPTH_R
    read legacy_GALDEPTH_I
    read legacy_GALDEPTH_Z
    read legacy_NOBS_G
    read legacy_NOBS_R
    read legacy_NOBS_I
    read legacy_NOBS_Z
  16 targets, 103741 samples ready.
Train: 93367, Val: 10374
Model: ResNet18 -> 16 targets
  Total params:     11,187,856
  Trainable params: 11,187,856
  Model size:       42.7 MB (float32)
  GPU: NVIDIA L40S
  GPU memory: 44.4 GB
